******************************************************************************
               TMS320C6x Linker PC v7.4.4                      
******************************************************************************
>> Linked Tue Sep 26 17:37:48 2017

OUTPUT FILE NAME:   <MINILOC.out>
ENTRY POINT SYMBOL: "ti_sysbios_family_c64p_Hwi0"  address: c30b9800


MEMORY CONFIGURATION

         name            origin    length      used     unused   attr    fill
----------------------  --------  ---------  --------  --------  ----  --------
  SR_0                  c2000000   00100000  00100000  00000000  RW X
  SR_1                  c2100000   00f00000  00f00000  00000000  RW X
  DSP_PROG              c3000000   00800000  000b9bc8  00746438  RW X


SEGMENT ALLOCATION MAP

run origin  load origin   length   init length attrs members
----------  ----------- ---------- ----------- ----- -------
c3000000    c3000000    0004eca0   0004eca0    r-x
  c3000000    c3000000    0004eca0   0004eca0    r-x .text
c304eca0    c304eca0    00030bac   00030bac    rw-
  c304eca0    c304eca0    00030bac   00030bac    rw- .fardata
c307f850    c307f850    0002b160   00000000    rw-
  c307f850    c307f850    0002b160   00000000    rw- .far
c30aa9b0    c30aa9b0    0000dce0   0000dce0    r--
  c30aa9b0    c30aa9b0    0000dce0   0000dce0    r-- .const
c30b8690    c30b8690    00001120   00000000    rw-
  c30b8690    c30b8690    00001000   00000000    rw- .stack
  c30b9690    c30b9690    00000120   00000000    rw- .cio
c30b97b0    c30b97b0    0000004c   0000004c    r--
  c30b97b0    c30b97b0    0000004c   0000004c    r-- .switch.1
c30b9800    c30b9800    0000029c   0000029c    r-x
  c30b9800    c30b9800    00000200   00000200    r-x .vecs
  c30b9a00    c30b9a00    0000009c   0000009c    r-- .switch.2
c30b9a9c    c30b9a9c    0000006c   00000064    rw-
  c30b9a9c    c30b9a9c    00000064   00000064    rw- .args
  c30b9b00    c30b9b00    00000008   00000000    rw- .bss
c30b9b08    c30b9b08    0000003c   0000003c    rw-
  c30b9b08    c30b9b08    0000003c   0000003c    rw- .neardata
c30b9c00    c30b9c00    0000008c   0000008c    r--
  c30b9c00    c30b9c00    0000008c   0000008c    r-- ti_sdo_ipc_init


SECTION ALLOCATION MAP

 output                                  attributes/
section   page    origin      length       input sections
--------  ----  ----------  ----------   ----------------
.cinit     0    c3000000    00000000     UNINITIALIZED

.init_array 
*          0    c3000000    00000000     UNINITIALIZED

ti.sdo.ipc.SharedRegion_0 
*          0    c2000000    00100000     NOLOAD SECTION
                  c2000000    00100000     --HOLE--

ti.sdo.ipc.SharedRegion_1 
*          0    c2100000    00f00000     NOLOAD SECTION
                  c2100000    00f00000     --HOLE--

xdc.meta   0    c3000000    000000d0     COPY SECTION
                  c3000000    000000d0     dsp_pe674.oe674 (xdc.meta)

.text      0    c3000000    0004eca0     
                  c3000000    000014a0     ti.syslink.ipc.rtos.ae674 : FrameQ_ShMem.oe674 (.text:FrameQ_ShMem_create)
                  c30014a0    00001480                               : FrameQBufMgr_ShMem.oe674 (.text:_FrameQBufMgr_ShMem_create)
                  c3002920    000010e0                               : FrameQ_ShMem.oe674 (.text:_FrameQ_ShMem_open)
                  c3003a00    000010c0                               : ClientNotifyMgr.oe674 (.text:_ClientNotifyMgr_create)
                  c3004ac0    00000f20     uPP.lib : uPP.obj (.text)
                  c30059e0    00000de0     ti.syslink.ipc.rtos.ae674 : FrameQBufMgr_ShMem.oe674 (.text:FrameQBufMgr_ShMem_postInit)
                  c30067c0    00000c40                               : RingIOShm.oe674 (.text:RingIOShm_create)
                  c3007400    00000ba0                               : FrameQBufMgr_ShMem.oe674 (.text:_FrameQBufMgr_ShMem_open)
                  c3007fa0    00000b40     ipc.ae674 : Ipc.obj (.text:ti_sdo_ipc_GateMP_Instance_init__F)
                  c3008ae0    00000ac0     ti.syslink.ipc.rtos.ae674 : FrameQ_ShMem.oe674 (.text:FrameQ_ShMem_delete)
                  c30095a0    00000ac0                               : FrameQ_ShMem.oe674 (.text:FrameQ_ShMem_put)
                  c300a060    00000a20                               : FrameQ_ShMem.oe674 (.text:FrameQ_ShMem_getv)
                  c300aa80    00000a20     ad9238.obj (.text)
                  c300b4a0    000009a0     ti.syslink.ipc.rtos.ae674 : FrameQBufMgr_ShMem.oe674 (.text:FrameQBufMgr_ShMem_allocv)
                  c300be40    00000980                               : FrameQBufMgr_ShMem.oe674 (.text:FrameQBufMgr_ShMem_dupv)
                  c300c7c0    00000980     message_loop.obj (.text)
                  c300d140    00000920     ti.syslink.ipc.rtos.ae674 : FrameQBufMgr_ShMem.oe674 (.text:FrameQBufMgr_ShMem_dup)
                  c300da60    00000900                               : ClientNotifyMgr.oe674 (.text:ClientNotifyMgr_delete)
                  c300e360    000008e0                               : ClientNotifyMgr.oe674 (.text:ClientNotifyMgr_sendNotificationMulti)
                  c300ec40    000008a0                               : FrameQBufMgr_ShMem.oe674 (.text:FrameQBufMgr_ShMem_create)
                  c300f4e0    000008a0     sysbios.ae674 : BIOS.obj (.text:ti_sysbios_family_c64p_Exception_handler__I)
                  c300fd80    000008a0     ti.targets.rts6000.ae674 : System.oe674 (.text:xdc_runtime_System_doPrint__I)
                  c3010620    00000860     ti.syslink.ipc.rtos.ae674 : FrameQ_ShMem.oe674 (.text:FrameQ_ShMem_writerPutv)
                  c3010e80    00000840                               : ClientNotifyMgr.oe674 (.text:ClientNotifyMgr_sendNotification)
                  c30116c0    000007c0     ipc.ae674 : Ipc.obj (.text:Ipc_attach)
                  c3011e80    00000740     ti.syslink.ipc.rtos.ae674 : RingIOShm.oe674 (.text:RingIOShm_openByAddr)
                  c30125c0    00000740     ad_workshop.obj (.text)
                  c3012d00    00000700     ipc.ae674 : Ipc.obj (.text:Ipc_detach)
                  c3013400    00000700     ti.syslink.ipc.rtos.ae674 : RingIOShm.oe674 (.text:_RingIOShm_writerFlush)
                  c3013b00    00000700     ipc.ae674 : Ipc.obj (.text:ti_sdo_ipc_transports_TransportShm_Instance_init__F)
                  c3014200    000006e0     main_dsp.obj (.text)
                  c30148e0    000006c0     ti.syslink.ipc.rtos.ae674 : FrameQBufMgr_ShMem.oe674 (.text:FrameQBufMgr_ShMem_freev)
                  c3014fa0    00000680                               : FrameQBufMgr_ShMem.oe674 (.text:FrameQBufMgr_ShMem_sharedMemReq)
                  c3015620    00000680     ipc_ring_buffer.obj (.text)
                  c3015ca0    00000660     ti.syslink.ipc.rtos.ae674 : RingIOShm.oe674 (.text:_RingIOShm_readerFlush)
                  c3016300    00000620                               : FrameQBufMgr_ShMem.oe674 (.text:FrameQBufMgr_ShMem_free)
                  c3016920    00000600                               : ClientNotifyMgr.oe674 (.text:ClientNotifyMgr_execCallBackFxn)
                  c3016f20    00000600                               : ClientNotifyMgr.oe674 (.text:ClientNotifyMgr_sendForceNotificationMulti)
                  c3017520    00000600                               : ClientNotifyMgr.oe674 (.text:ClientNotifyMgr_setup)
                  c3017b20    00000600                               : FrameQBufMgr_ShMem.oe674 (.text:_FrameQBufMgr_ShMem_cleanupCreatedInstance)
                  c3018120    000005c0                               : FrameQ_ShMem.oe674 (.text:FrameQ_ShMem_flushAll)
                  c30186e0    000005c0                               : FrameQ_ShMem.oe674 (.text:_FrameQ_ShMem_setOpenFlags)
                  c3018ca0    000005c0     rts6740_elf.lib : _printfi.obj (.text:_getarg_diouxp)
                  c3019260    000005a0                     : divd.obj (.text:__c6xabi_divd)
                  c3019800    00000580     ti.syslink.ipc.rtos.ae674 : RingIOShm.oe674 (.text:_RingIOShm_readerAcquire)
                  c3019d80    00000540                               : ClientNotifyMgr.oe674 (.text:ClientNotifyMgr_registerClient)
                  c301a2c0    00000540                               : FrameQ_ShMem.oe674 (.text:FrameQ_ShMem_get)
                  c301a800    00000520                               : ClientNotifyMgr.oe674 (.text:ClientNotifyMgr_unregisterClient)
                  c301ad20    00000520                               : FrameQ_ShMem.oe674 (.text:FrameQ_ShMem_readerPutv)
                  c301b240    00000520     setgpio.obj (.text)
                  c301b760    00000500     ti.syslink.ipc.rtos.ae674 : FrameQBufMgr_ShMem.oe674 (.text:FrameQBufMgr_ShMem_alloc)
                  c301bc60    00000500     fft.obj (.text)
                  c301c160    000004e0     ipc.ae674 : Ipc.obj (.text:ti_sdo_ipc_heaps_HeapMemMP_Instance_init__F)
                  c301c640    000004c0               : Ipc.obj (.text:ti_sdo_ipc_ListMP_Instance_init__F)
                  c301cb00    000004a0     ti.syslink.ipc.rtos.ae674 : ClientNotifyMgr.oe674 (.text:ClientNotifyMgr_sendForceNotification)
                  c301cfa0    000004a0                               : RingIOShm.oe674 (.text:_RingIOShm_writersetvAttribute)
                  c301d440    00000480                               : FrameQBufMgr.oe674 (.text:FrameQBufMgr_open)
                  c301d8c0    00000480                               : FrameQ_ShMem.oe674 (.text:FrameQ_ShMem_getvNumFrames)
                  c301dd40    00000460                               : RingIOShm.oe674 (.text:RingIOShm_sharedMemReq)
                  c301e1a0    00000460     rts6740_elf.lib : _printfi.obj (.text:_printfi)
                  c301e600    00000460                     : _printfi.obj (.text:_setfield)
                  c301ea60    00000460     ipc.ae674 : Ipc.obj (.text:ti_sdo_ipc_GateMP_setRegion0Reserved__F)
                  c301eec0    00000460               : Ipc.obj (.text:ti_sdo_ipc_MessageQ_Instance_init__F)
                  c301f320    00000460               : Ipc.obj (.text:ti_sdo_ipc_nsremote_NameServerRemoteNotify_get__F)
                  c301f780    00000420     ti.syslink.ipc.rtos.ae674 : FrameQBufMgr_ShMem.oe674 (.text:FrameQBufMgr_ShMem_delete)
                  c301fba0    00000420     ipc.ae674 : Ipc.obj (.text:ti_sdo_ipc_GateMP_Instance_finalize__F)
                  c301ffc0    00000400     dsp_pe674.oe674 (.text:xdc_runtime_System_printfExtend__I)
                  c30203c0    000003c0     ipc.ae674 : Ipc.obj (.text:ti_sdo_ipc_heaps_HeapMemMP_alloc__E)
                  c3020780    000003c0               : Ipc.obj (.text:ti_sdo_ipc_heaps_HeapMemMP_free__E)
                  c3020b40    000003a0     ti.syslink.ipc.rtos.ae674 : FrameQ.oe674 (.text:FrameQ_setup)
                  c3020ee0    000003a0     ipc.ae674 : Ipc.obj (.text:NameServer_add)
                  c3021280    000003a0     rts6740_elf.lib : fputs.obj (.text:fputs)
                  c3021620    000003a0     dsplib.ae674 : DSPF_sp_fftSPxSP.obj (.text:optimized)
                  c30219c0    00000380     ti.syslink.ipc.rtos.ae674 : RingIOShm.oe674 (.text:_RingIOShm_writerAcquire)
                  c3021d40    00000360                               : ClientNotifyMgr.oe674 (.text:ClientNotifyMgr_cbFxn)
                  c30220a0    00000360                               : ClientNotifyMgr.oe674 (.text:ClientNotifyMgr_thFxn)
                  c3022400    00000360                               : ClientNotifyMgr.oe674 (.text:ClientNotifyMgr_waitOnMultiSubEntryNotify)
                  c3022760    00000360                               : FrameQ_ShMem.oe674 (.text:FrameQ_ShMem_registerNotifier)
                  c3022ac0    00000360                               : FrameQ_ShMem.oe674 (.text:FrameQ_ShMem_sharedMemReq)
                  c3022e20    00000360                               : RingIOShm.oe674 (.text:RingIOShm_delete)
                  c3023180    00000360                               : RingIOShm.oe674 (.text:_RingIOShm_readergetvAttribute)
                  c30234e0    00000360     uPP_Config.obj (.text)
                  c3023840    00000340     ti.syslink.ipc.rtos.ae674 : FrameQ_ShMem.oe674 (.text:FrameQ_ShMem_getNumFrames)
                  c3023b80    00000320                               : RingIO.oe674 (.text:RingIO_openByAddr)
                  c3023ea0    00000320                               : FrameQBufMgr.oe674 (.text:_FrameQBufMgr_create)
                  c30241c0    00000320                               : RingIOShm.oe674 (.text:_RingIOShm_writerCancel)
                  c30244e0    00000320     rts6740_elf.lib : _printfi.obj (.text:_pproc_fge)
                  c3024800    00000320     queue.obj (.text)
                  c3024b20    00000300     ti.syslink.ipc.rtos.ae674 : FrameQBufMgr.oe674 (.text:FrameQBufMgr_delete)
                  c3024e20    00000300     ipc.ae674 : Ipc.obj (.text:Ipc_writeConfig)
                  c3025120    00000300     sysbios.ae674 : BIOS.obj (.text:ti_sysbios_knl_Semaphore_pend__E)
                  c3025420    00000300                   : BIOS.obj (.text:ti_sysbios_knl_Task_Instance_finalize__F)
                  c3025720    000002e0     ipc.ae674 : Ipc.obj (.text:ListMP_getHead)
                  c3025a00    000002e0     ti.syslink.ipc.rtos.ae674 : RingIOShm.oe674 (.text:_RingIOShm_updateAttributes)
                  c3025ce0    000002e0     rts6740_elf.lib : _printfi.obj (.text:_pproc_fwp)
                  c3025fc0    000002e0     ipc.ae674 : Ipc.obj (.text:ti_sdo_ipc_Ipc_procSyncStart__I)
                  c30262a0    000002e0               : Ipc.obj (.text:ti_sdo_ipc_nsremote_NameServerRemoteNotify_Instance_init__F)
                  c3026580    000002c0     ti.syslink.ipc.rtos.ae674 : FrameQ_ShMem.oe674 (.text:FrameQ_ShMem_allocv)
                  c3026840    000002c0                               : FrameQ_ShMem.oe674 (.text:FrameQ_ShMem_unregisterNotifier)
                  c3026b00    000002c0     ipc.ae674 : Ipc.obj (.text:NameServer_get)
                  c3026dc0    000002c0     ti.syslink.ipc.rtos.ae674 : RingIO.oe674 (.text:RingIO_open)
                  c3027080    000002c0                               : RingIOShm.oe674 (.text:_RingIOShm_create)
                  c3027340    000002c0                               : RingIOShm.oe674 (.text:_RingIOShm_readerRelease)
                  c3027600    000002c0     drivers.lib : gpio.obj (.text)
                  c30278c0    000002c0     sysbios.ae674 : BIOS.obj (.text:ti_sysbios_timers_timer64_Timer_Module_startup__F)
                  c3027b80    000002a0     ti.syslink.ipc.rtos.ae674 : FrameQBufMgr_ShMem.oe674 (.text:FrameQBufMgr_ShMem_getvNumFreeFrames)
                  c3027e20    000002a0                               : FrameQ_ShMem.oe674 (.text:FrameQ_ShMem_putv)
                  c30280c0    000002a0     rts6740_elf.lib : _printfi.obj (.text:ecvt)
                  c3028360    000002a0                     : _printfi.obj (.text:fcvt)
                  c3028600    000002a0     ipc.ae674 : Ipc.obj (.text:ti_sdo_ipc_transports_TransportShm_Instance_finalize__F)
                  c30288a0    000002a0     sysbios.ae674 : BIOS.obj (.text:ti_sysbios_timers_timer64_Timer_deviceConfig__I)
                  c3028b40    00000280     ti.syslink.ipc.rtos.ae674 : FrameQBufMgr_ShMem.oe674 (.text:FrameQBufMgr_ShMem_invalidate)
                  c3028dc0    00000280                               : FrameQBufMgr_ShMem.oe674 (.text:FrameQBufMgr_ShMem_translateAddr)
                  c3029040    00000280                               : FrameQBufMgr.oe674 (.text:FrameQBufMgr_create)
                  c30292c0    00000280     ipc.ae674 : Ipc.obj (.text:ListMP_putHead)
                  c3029540    00000280               : Ipc.obj (.text:ListMP_putTail)
                  c30297c0    00000280               : Ipc.obj (.text:ListMP_remove)
                  c3029a40    00000280     ti.syslink.ipc.rtos.ae674 : RingIOShm.oe674 (.text:RingIOShm_registerNotifier)
                  c3029cc0    00000280     rts6740_elf.lib : divf.obj (.text:__c6xabi_divf)
                  c3029f40    00000280     ipc.ae674 : Ipc.obj (.text:ti_sdo_ipc_gates_GatePeterson_Instance_init__F)
                  c302a1c0    00000280     ti.targets.rts6000.ae674 : Error.oe674 (.text:xdc_runtime_Error_raiseX__F)
                  c302a440    00000260     ti.syslink.ipc.rtos.ae674 : FrameQBufMgr_ShMem.oe674 (.text:FrameQBufMgr_ShMem_writeBack)
                  c302a6a0    00000260                               : FrameQBufMgr.oe674 (.text:FrameQBufMgr_setup)
                  c302a900    00000260     ipc.ae674 : Ipc.obj (.text:GateMP_openByAddr)
                  c302ab60    00000260               : Ipc.obj (.text:Ipc_start)
                  c302adc0    00000260     ti.syslink.ipc.rtos.ae674 : RingIOShm.oe674 (.text:RingIOShm_close)
                  c302b020    00000260                               : RingIOShm.oe674 (.text:RingIOShm_flush)
                  c302b280    00000260                               : RingIOShm.oe674 (.text:RingIOShm_sendNotify)
                  c302b4e0    00000260                               : RingIO.oe674 (.text:RingIO_setup)
                  c302b740    00000260     rts6740_elf.lib : imath64.obj (.text:__c6xabi_divull)
                  c302b9a0    00000260                     : _printfi.obj (.text:_pconv_e)
                  c302bc00    00000260     message_heap.obj (.text)
                  c302be60    00000260     sysbios.ae674 : BIOS.obj (.text:ti_sysbios_family_c64p_Exception_internalHandler__I)
                  c302c0c0    00000260                   : BIOS.obj (.text:ti_sysbios_timers_timer64_Timer_setPeriodMicroSecs__E)
                  c302c320    00000260     ti.targets.rts6000.ae674 : Startup.oe674 (.text:xdc_runtime_Startup_startMods__I)
                  c302c580    00000240     ti.syslink.ipc.rtos.ae674 : ClientNotifyMgr.oe674 (.text:ClientNotifyMgr_enableNotification)
                  c302c7c0    00000240                               : FrameQBufMgr_ShMem.oe674 (.text:FrameQBufMgr_ShMem_Params_init)
                  c302ca00    00000240                               : FrameQBufMgr.oe674 (.text:FrameQBufMgr_dupv)
                  c302cc40    00000240                               : FrameQ_ShMem.oe674 (.text:FrameQ_ShMem_getvNumFreeFrames)
                  c302ce80    00000240                               : FrameQ_ShMem.oe674 (.text:FrameQ_ShMem_open)
                  c302d0c0    00000240     ipc.ae674 : Ipc.obj (.text:Notify_unregisterEvent)
                  c302d300    00000240     ti.syslink.ipc.rtos.ae674 : RingIOShm.oe674 (.text:RingIOShm_release)
                  c302d540    00000240                               : RingIOShm.oe674 (.text:RingIOShm_setNotifyId)
                  c302d780    00000240                               : RingIOShm.oe674 (.text:_RingIOShm_initInstance)
                  c302d9c0    00000240     rts6740_elf.lib : _printfi.obj (.text:_pproc_diouxp)
                  c302dc00    00000240     ipc.ae674 : Ipc.obj (.text:ti_sdo_ipc_family_da830_NotifySetup_attach__E)
                  c302de40    00000240               : Ipc.obj (.text:ti_sdo_ipc_heaps_HeapMemMP_getStats__E)
                  c302e080    00000220     ti.syslink.ipc.rtos.ae674 : FrameQBufMgr_ShMem.oe674 (.text:FrameQBufMgr_ShMem_invalidateFrameBuf)
                  c302e2a0    00000220                               : FrameQBufMgr_ShMem.oe674 (.text:FrameQBufMgr_ShMem_setup)
                  c302e4c0    00000220                               : FrameQBufMgr_ShMem.oe674 (.text:FrameQBufMgr_ShMem_writeBackFrameBuf)
                  c302e6e0    00000220                               : FrameQBufMgr.oe674 (.text:FrameQBufMgr_allocv)
                  c302e900    00000220                               : FrameQBufMgr.oe674 (.text:FrameQBufMgr_dup)
                  c302eb20    00000220                               : FrameQBufMgr.oe674 (.text:FrameQBufMgr_getvNumFreeFrames)
                  c302ed40    00000220                               : FrameQ_ShMem.oe674 (.text:FrameQ_ShMem_alloc)
                  c302ef60    00000220                               : FrameQ_ShMem.oe674 (.text:FrameQ_ShMem_setup)
                  c302f180    00000220                               : RingIOShm.oe674 (.text:RingIOShm_resetNotifyId)
                  c302f3a0    00000220     rts6740_elf.lib : _printfi.obj (.text:_pproc_str)
                  c302f5c0    00000220                     : fputc.obj (.text:fputc)
                  c302f7e0    00000220     ipc.ae674 : Ipc.obj (.text:ti_sdo_ipc_nsremote_NameServerRemoteNotify_swiFxn__I)
                  c302fa00    00000220     sysbios.ae674 : BIOS.obj (.text:ti_sysbios_family_c64p_Hwi_reconfig__E)
                  c302fc20    00000220                   : BIOS.obj (.text:ti_sysbios_gates_GateMutexPri_enter__E)
                  c302fe40    00000220     ti.targets.rts6000.ae674 : Core-mem.oe674 (.text:xdc_runtime_Core_createObject__I)
                  c3030060    00000200     ti.syslink.ipc.rtos.ae674 : ClientNotifyMgr.oe674 (.text:ClientNotifyMgr_disableNotification)
                  c3030260    00000200                               : FrameQ_ShMem.oe674 (.text:FrameQ_ShMem_freev)
                  c3030460    00000200                               : RingIOShm.oe674 (.text:RingIOShm_unregisterNotifier)
                  c3030660    00000200                               : RingIOShm.oe674 (.text:_RingIOShm_getContiguousDataSize)
                  c3030860    00000200     rts6740_elf.lib : _printfi.obj (.text:_pconv_g)
                  c3030a60    00000200     sysbios.ae674 : c64p_Hwi_disp_always.obj (.text:_ti_sysbios_family_c64p_Hwi_dispatchAlways)
                  c3030c60    00000200     rts6740_elf.lib : setvbuf.obj (.text:setvbuf)
                  c3030e60    00000200     ipc.ae674 : Ipc.obj (.text:ti_sdo_ipc_Ipc_procSyncFinish__I)
                  c3031060    00000200               : Ipc.obj (.text:ti_sdo_ipc_notifyDrivers_NotifyDriverShm_Instance_init__F)
                  c3031260    00000200               : Ipc.obj (.text:ti_sdo_ipc_notifyDrivers_NotifyDriverShm_sendEvent__E)
                  c3031460    00000200     ti.targets.rts6000.ae674 : Log.oe674 (.text:xdc_runtime_Log_doPrint__F)
                  c3031660    000001e0     ti.syslink.ipc.rtos.ae674 : FrameQBufMgr_ShMem.oe674 (.text:FrameQBufMgr_ShMem_registerNotifier)
                  c3031840    000001e0                               : FrameQBufMgr.oe674 (.text:FrameQBufMgr_invalidateFrameBuf)
                  c3031a20    000001e0                               : FrameQBufMgr.oe674 (.text:FrameQBufMgr_translateAddr)
                  c3031c00    000001e0                               : FrameQBufMgr.oe674 (.text:FrameQBufMgr_writeBackFrameBuf)
                  c3031de0    000001e0                               : FrameQ_ShMem.oe674 (.text:FrameQ_ShMem_free)
                  c3031fc0    000001e0                               : FrameQ_ShMem.oe674 (.text:FrameQ_ShMem_getNumFreeFrames)
                  c30321a0    000001e0     ipc.ae674 : Ipc.obj (.text:GateMP_sharedMemReq)
                  c3032380    000001e0               : Ipc.obj (.text:ListMP_openByAddr)
                  c3032560    000001e0     ti.syslink.ipc.rtos.ae674 : RingIOShm.oe674 (.text:_RingIOShm_releaseAttribute)
                  c3032740    000001e0                               : RingIOShm.oe674 (.text:_RingIOShm_writerRelease)
                  c3032920    000001e0     ipc.ae674 : Ipc.obj (.text:ti_sdo_utils_NameServer_Instance_finalize__F)
                  c3032b00    000001e0     sysbios.ae674 : BIOS.obj (.text:ti_sysbios_family_c64p_Exception_externalHandler__I)
                  c3032ce0    000001e0                   : BIOS.obj (.text:ti_sysbios_knl_Task_Instance_init__F)
                  c3032ec0    000001e0                   : BIOS.obj (.text:ti_sysbios_knl_Task_checkStacks__E)
                  c30330a0    000001c0     ti.syslink.ipc.rtos.ae674 : ClientNotifyMgr.oe674 (.text:ClientNotifyMgr_destroy)
                  c3033260    000001c0                               : FrameQBufMgr.oe674 (.text:FrameQBufMgr_freev)
                  c3033420    000001c0                               : FrameQBufMgr.oe674 (.text:FrameQBufMgr_getHandle)
                  c30335e0    000001c0                               : FrameQBufMgr_ShMem.oe674 (.text:_FrameQBufMgr_ShMem_openFrmBufMemMgr)
                  c30337a0    000001c0     rts6740_elf.lib : _printfi.obj (.text:_mcpy)
                  c3033960    000001c0     ipc.ae674 : Ipc.obj (.text:ti_sdo_ipc_GateMP_getFreeResource__I)
                  c3033b20    000001c0               : Ipc.obj (.text:ti_sdo_ipc_heaps_HeapMemMP_postInit__I)
                  c3033ce0    000001c0     sysbios.ae674 : BIOS.obj (.text:ti_sysbios_family_c64p_Cache_block__I)
                  c3033ea0    000001c0                   : BIOS.obj (.text:ti_sysbios_family_c64p_Exception_decodeMpfsr__I)
                  c3034060    000001c0                   : BIOS.obj (.text:ti_sysbios_knl_Task_exit__E)
                  c3034220    000001c0                   : BIOS.obj (.text:ti_sysbios_knl_Task_postInit__I)
                  c30343e0    000001c0     ti.targets.rts6000.ae674 : Text.oe674 (.text:xdc_runtime_Text_putSite__F)
                  c30345a0    000001a0     ti.syslink.ipc.rtos.ae674 : ClientNotifyMgr.oe674 (.text:ClientNotifyMgr_callBack)
                  c3034740    000001a0                               : FrameQBufMgr_ShMem.oe674 (.text:FrameQBufMgr_ShMem_invalidateHeaderBuf)
                  c30348e0    000001a0                               : FrameQ.oe674 (.text:FrameQ_destroy)
                  c3034a80    000001a0                               : RingIOShm.oe674 (.text:RingIOShm_getCliNotifyMgrShAddr)
                  c3034c20    000001a0                               : RingIOShm.oe674 (.text:_RingIOShm_readerCancel)
                  c3034dc0    000001a0     rts6740_elf.lib : imath40.obj (.text:__c6xabi_divul)
                  c3034f60    000001a0     ipc.ae674 : Ipc.obj (.text:ti_sdo_ipc_notifyDrivers_NotifyDriverShm_registerEvent__E)
                  c3035100    000001a0               : Ipc.obj (.text:ti_sdo_ipc_notifyDrivers_NotifyDriverShm_unregisterEvent__E)
                  c30352a0    000001a0               : Ipc.obj (.text:ti_sdo_utils_NameServer_Instance_init__F)
                  c3035440    000001a0     sysbios.ae674 : BIOS.obj (.text:ti_sysbios_timers_timer64_Timer_start__E)
                  c30355e0    00000180     ti.syslink.ipc.rtos.ae674 : FrameQBufMgr_ShMem.oe674 (.text:FrameQBufMgr_ShMem_getNumFreeFrames)
                  c3035760    00000180                               : FrameQBufMgr_ShMem.oe674 (.text:FrameQBufMgr_ShMem_open)
                  c30358e0    00000180                               : FrameQBufMgr_ShMem.oe674 (.text:FrameQBufMgr_ShMem_writeBackHeaderBuf)
                  c3035a60    00000180                               : FrameQ_ShMem.oe674 (.text:FrameQ_ShMem_dup)
                  c3035be0    00000180     rts6740_elf.lib : trgdrv.obj (.text:HOSTrename)
                  c3035d60    00000180     ipc.ae674 : Ipc.obj (.text:NameServer_getHandle)
                  c3035ee0    00000180     ti.syslink.ipc.rtos.ae674 : RingIOShm.oe674 (.text:RingIOShm_getAcquiredOffset)
                  c3036060    00000180                               : RingIOShm.oe674 (.text:RingIOShm_getAcquiredSize)
                  c30361e0    00000180                               : RingIOShm.oe674 (.text:RingIOShm_getWaterMark)
                  c3036360    00000180                               : RingIOShm.oe674 (.text:RingIOShm_setNotifyType)
                  c30364e0    00000180                               : RingIOShm.oe674 (.text:RingIOShm_setWaterMark)
                  c3036660    00000180                               : RingIO.oe674 (.text:RingIO_destroy)
                  c30367e0    00000180                               : SyslinkMemMgr.oe674 (.text:SyslinkMemMgr_create)
                  c3036960    00000180                               : FrameQ_ShMem.oe674 (.text:_FrameQ_ShMem_resetNotifyId)
                  c3036ae0    00000180                               : FrameQ_ShMem.oe674 (.text:_FrameQ_ShMem_setNotifyId)
                  c3036c60    00000180     drivers.lib : psc.obj (.text)
                  c3036de0    00000180     dsplib.ae674 : DSPF_sp_fir_gen.obj (.text:optimized)
                  c3036f60    00000180     sysbios.ae674 : c64p_Exception_asm.obj (.text)
                  c30370e0    00000180     ipc.ae674 : Ipc.obj (.text:ti_sdo_ipc_gates_GatePeterson_enter__E)
                  c3037260    00000180               : Ipc.obj (.text:ti_sdo_ipc_notifyDrivers_NotifyDriverShm_isr__I)
                  c30373e0    00000180     sysbios.ae674 : BIOS.obj (.text:ti_sysbios_heaps_HeapMem_alloc__E)
                  c3037560    00000180                   : BIOS.obj (.text:ti_sysbios_knl_Swi_schedule__I)
                  c30376e0    00000180                   : BIOS.obj (.text:ti_sysbios_knl_Task_setPri__E)
                  c3037860    00000180     dsp_pe674.oe674 (.text:xdc_runtime_Registry_findById__E)
                  c30379e0    00000160     ti.syslink.ipc.rtos.ae674 : ClientNotifyMgr.oe674 (.text:ClientNotifyMgr_sharedMemReq)
                  c3037b40    00000160                               : ClientNotifyMgr.oe674 (.text:ClientNotifyMgr_threadFxn)
                  c3037ca0    00000160                               : FrameQBufMgr_ShMem.oe674 (.text:FrameQBufMgr_ShMem_remove)
                  c3037e00    00000160                               : FrameQBufMgr.oe674 (.text:FrameQBufMgr_alloc)
                  c3037f60    00000160                               : FrameQBufMgr.oe674 (.text:FrameQBufMgr_free)
                  c30380c0    00000160                               : FrameQBufMgr.oe674 (.text:FrameQBufMgr_getNumFreeFrames)
                  c3038220    00000160                               : FrameQBufMgr.oe674 (.text:FrameQBufMgr_invalidateHeaderBuf)
                  c3038380    00000160                               : FrameQBufMgr.oe674 (.text:FrameQBufMgr_isCacheEnabledForFrameBuf)
                  c30384e0    00000160                               : FrameQBufMgr.oe674 (.text:FrameQBufMgr_registerNotifier)
                  c3038640    00000160                               : FrameQBufMgr.oe674 (.text:FrameQBufMgr_writeBackHeaderBuf)
                  c30387a0    00000160                               : RingIO.oe674 (.text:RingIO_acquire)
                  c3038900    00000160                               : FrameQBufMgr_ShMem.oe674 (.text:_FrameQBufMgr_ShMem_getCliNotifyMgrShAddr)
                  c3038a60    00000160                               : RingIOShm.oe674 (.text:_RingIOShm_getFirstAcquiredAttr)
                  c3038bc0    00000160     ipc.ae674 : Ipc.obj (.text:ti_sdo_ipc_GateMP_openRegion0Reserved__F)
                  c3038d20    00000160               : Ipc.obj (.text:ti_sdo_ipc_ListMP_Instance_finalize__F)
                  c3038e80    00000160               : Ipc.obj (.text:ti_sdo_ipc_Notify_Instance_init__F)
                  c3038fe0    00000160               : Ipc.obj (.text:ti_sdo_ipc_heaps_HeapMemMP_Instance_finalize__F)
                  c3039140    00000160               : Ipc.obj (.text:ti_sdo_utils_NameServer_removeLocal__I)
                  c30392a0    00000160     sysbios.ae674 : BIOS.obj (.text:ti_sysbios_knl_Task_schedule__I)
                  c3039400    00000160                   : BIOS.obj (.text:ti_sysbios_knl_Task_startCore__E)
                  c3039560    00000140     ti.syslink.ipc.rtos.ae674 : ClientNotifyMgr.oe674 (.text:ClientNotifyMgr_swiFxn)
                  c30396a0    00000140                               : FrameQBufMgr.oe674 (.text:FrameQBufMgr_Params_init)
                  c30397e0    00000140                               : FrameQBufMgr_ShMem.oe674 (.text:FrameQBufMgr_ShMem_unregisterNotifier)
                  c3039920    00000140     ipc.ae674 : Ipc.obj (.text:HeapMemMP_openByAddr)
                  c3039a60    00000140               : Ipc.obj (.text:MessageQ_put)
                  c3039ba0    00000140               : Ipc.obj (.text:Notify_registerEvent)
                  c3039ce0    00000140     ti.syslink.ipc.rtos.ae674 : RingIO.oe674 (.text:RingIO_close)
                  c3039e20    00000140                               : RingIOShm.oe674 (.text:_RingIOShm_getFirstAttr)
                  c3039f60    00000140     boot.ae674 : autoinit.oe674 (.text:_auto_init_elf)
                  c303a0a0    00000140     rts6740_elf.lib : _printfi.obj (.text:_pproc_fflags)
                  c303a1e0    00000140                     : lowlev.obj (.text:getdevice)
                  c303a320    00000140     ipc.ae674 : Ipc.obj (.text:ti_sdo_ipc_SharedRegion_start__F)
                  c303a460    00000140               : Ipc.obj (.text:ti_sdo_ipc_notifyDrivers_NotifyDriverShm_disableEvent__E)
                  c303a5a0    00000140               : Ipc.obj (.text:ti_sdo_ipc_transports_TransportShm_openByAddr__F)
                  c303a6e0    00000140               : Ipc.obj (.text:ti_sdo_ipc_transports_TransportShm_put__E)
                  c303a820    00000140     sysbios.ae674 : BIOS.obj (.text:ti_sysbios_heaps_HeapMem_free__E)
                  c303a960    00000140                   : BIOS.obj (.text:ti_sysbios_knl_Task_Module_startup__F)
                  c303aaa0    00000140                   : BIOS.obj (.text:ti_sysbios_knl_Task_sleep__E)
                  c303abe0    00000140     ti.targets.rts6000.ae674 : Text.oe674 (.text:xdc_runtime_Text_putLab__F)
                  c303ad20    00000120     ti.syslink.ipc.rtos.ae674 : ClientNotifyMgr.oe674 (.text:ClientNotifyMgr_Params_init)
                  c303ae40    00000120                               : ClientNotifyMgr.oe674 (.text:ClientNotifyMgr_close)
                  c303af60    00000120                               : ClientNotifyMgr.oe674 (.text:ClientNotifyMgr_registerWithNotify)
                  c303b080    00000120                               : ClientNotifyMgr.oe674 (.text:ClientNotifyMgr_unregisterWithNotify)
                  c303b1a0    00000120                               : FrameQBufMgr_ShMem.oe674 (.text:FrameQBufMgr_ShMem_add)
                  c303b2c0    00000120                               : FrameQBufMgr.oe674 (.text:FrameQBufMgr_destroy)
                  c303b3e0    00000120                               : FrameQBufMgr.oe674 (.text:FrameQBufMgr_unregisterNotifier)
                  c303b500    00000120                               : FrameQ_ShMem.oe674 (.text:FrameQ_Shmem_updateCacheFlags)
                  c303b620    00000120     ipc.ae674 : Ipc.obj (.text:HeapMemMP_sharedMemReq)
                  c303b740    00000120     ti.syslink.ipc.rtos.ae674 : RingIOShm.oe674 (.text:RingIOShm_acquire)
                  c303b860    00000120                               : RingIOShm.oe674 (.text:RingIOShm_getAttribute)
                  c303b980    00000120                               : RingIOShm.oe674 (.text:RingIOShm_getCliNotifyMgrGateShAddr)
                  c303baa0    00000120                               : RingIOShm.oe674 (.text:RingIOShm_getEmptyAttrSize)
                  c303bbc0    00000120                               : RingIOShm.oe674 (.text:RingIOShm_getEmptySize)
                  c303bce0    00000120                               : RingIOShm.oe674 (.text:RingIOShm_getValidAttrSize)
                  c303be00    00000120                               : RingIOShm.oe674 (.text:RingIOShm_getValidSize)
                  c303bf20    00000120                               : RingIOShm.oe674 (.text:RingIOShm_getvAttribute)
                  c303c040    00000120                               : RingIOShm.oe674 (.text:RingIOShm_setvAttribute)
                  c303c160    00000120                               : FrameQBufMgr_ShMem.oe674 (.text:_FrameQBufMgr_ShMem_openHdrBufMemMgr)
                  c303c280    00000120     rts6740_elf.lib : fclose.obj (.text:_closefile)
                  c303c3a0    00000120                     : _printfi.obj (.text:_ltostr)
                  c303c4c0    00000120                     : fseek.obj (.text:fseek)
                  c303c5e0    00000120     mathlib.ae674 : cossp.obj (.text:optasm)
                  c303c700    00000120                   : sinsp.obj (.text:optasm)
                  c303c820    00000120     ipc.ae674 : Ipc.obj (.text:ti_sdo_ipc_MessageQ_Module_startup__F)
                  c303c940    00000120               : Ipc.obj (.text:ti_sdo_ipc_transports_TransportShm_sharedMemReq__F)
                  c303ca60    00000120     sysbios.ae674 : BIOS.obj (.text:ti_sysbios_family_c64p_Exception_Module_startup__F)
                  c303cb80    00000120                   : BIOS.obj (.text:ti_sysbios_knl_Clock_workFunc__E)
                  c303cca0    00000120     ti.targets.rts6000.ae674 : Text.oe674 (.text:xdc_runtime_Text_putMod__F)
                  c303cdc0    00000100     ti.syslink.ipc.rtos.ae674 : FrameQBufMgr_ShMem.oe674 (.text:FrameQBufMgr_ShMem_close)
                  c303cec0    00000100                               : FrameQBufMgr_ShMem.oe674 (.text:FrameQBufMgr_ShMem_getConfig)
                  c303cfc0    00000100                               : FrameQBufMgr.oe674 (.text:FrameQBufMgr_isCacheEnabledForHeaderBuf)
                  c303d0c0    00000100                               : FrameQ_ShMem.oe674 (.text:FrameQ_ShMem_close)
                  c303d1c0    00000100                               : FrameQ_ShMem.oe674 (.text:FrameQ_ShMem_sendNotify)
                  c303d2c0    00000100     rts6740_elf.lib : trgdrv.obj (.text:HOSTlseek)
                  c303d3c0    00000100     ipc.ae674 : Ipc.obj (.text:ListMP_sharedMemReq)
                  c303d4c0    00000100               : Ipc.obj (.text:Notify_registerEventSingle)
                  c303d5c0    00000100               : Ipc.obj (.text:Notify_sendEvent)
                  c303d6c0    00000100               : Ipc.obj (.text:Notify_unregisterEventSingle)
                  c303d7c0    00000100     ti.syslink.ipc.rtos.ae674 : RingIOShm.oe674 (.text:RingIOShm_cancel)
                  c303d8c0    00000100                               : _Syslink.oe674 (.text:SysLink_setup)
                  c303d9c0    00000100                               : FrameQBufMgr_ShMem.oe674 (.text:_FrameQBufMgr_ShMem_getCliNotifyMgrGateShAddr)
                  c303dac0    00000100     rts6740_elf.lib : _io_perm.obj (.text:_wrt_ok)
                  c303dbc0    00000100     fir.obj (.text)
                  c303dcc0    00000100     ipc.ae674 : Ipc.obj (.text:ti_sdo_ipc_GateMP_start__F)
                  c303ddc0    00000100               : Ipc.obj (.text:ti_sdo_ipc_MessageQ_Instance_finalize__F)
                  c303dec0    00000100               : Ipc.obj (.text:ti_sdo_ipc_Notify_Instance_finalize__F)
                  c303dfc0    00000100               : Ipc.obj (.text:ti_sdo_ipc_SharedRegion_attach__F)
                  c303e0c0    00000100               : Ipc.obj (.text:ti_sdo_ipc_SharedRegion_clearReservedMemory__F)
                  c303e1c0    00000100               : Ipc.obj (.text:ti_sdo_ipc_nsremote_NameServerRemoteNotify_Instance_finalize__F)
                  c303e2c0    00000100               : Ipc.obj (.text:ti_sdo_ipc_transports_TransportShmSetup_attach__E)
                  c303e3c0    00000100               : Ipc.obj (.text:ti_sdo_utils_NameServer_findLocal__I)
                  c303e4c0    00000100     sysbios.ae674 : BIOS.obj (.text:ti_sysbios_family_c64p_Hwi_Module_startup__F)
                  c303e5c0    00000100                   : BIOS.obj (.text:ti_sysbios_family_c64p_Hwi_dispatchC__I)
                  c303e6c0    00000100                   : BIOS.obj (.text:ti_sysbios_gates_GateMutexPri_leave__E)
                  c303e7c0    00000100                   : BIOS.obj (.text:ti_sysbios_knl_Clock_startI__E)
                  c303e8c0    00000100                   : BIOS.obj (.text:ti_sysbios_knl_Semaphore_post__E)
                  c303e9c0    00000100                   : BIOS.obj (.text:ti_sysbios_knl_Swi_restoreHwi__E)
                  c303eac0    00000100                   : BIOS.obj (.text:ti_sysbios_timers_timer64_Timer_initDevice__I)
                  c303ebc0    00000100     ti.targets.rts6000.ae674 : Core-mem.oe674 (.text:xdc_runtime_Core_deleteObject__I)
                  c303ecc0    00000100                              : Startup.oe674 (.text:xdc_runtime_Startup_exec__F)
                  c303edc0    00000100                              : Text.oe674 (.text:xdc_runtime_Text_visitRope2__I)
                  c303eec0    000000e0     ti.syslink.ipc.rtos.ae674 : ClientNotifyMgr.oe674 (.text:ClientNotifyMgr_setNameServer)
                  c303efa0    000000e0                               : FrameQBufMgr_ShMem.oe674 (.text:FrameQBufMgr_ShMem_destroy)
                  c303f080    000000e0                               : FrameQBufMgr_ShMem.oe674 (.text:FrameQBufMgr_ShMem_isCacheEnabledForFrameBuf)
                  c303f160    000000e0                               : FrameQBufMgr_ShMem.oe674 (.text:FrameQBufMgr_Shmem_updateCacheFlags)
                  c303f240    000000e0                               : FrameQ.oe674 (.text:FrameQ_getConfig)
                  c303f320    000000e0     rts6740_elf.lib : trgdrv.obj (.text:HOSTopen)
                  c303f400    000000e0     ipc.ae674 : Ipc.obj (.text:MessageQ_get)
                  c303f4e0    000000e0               : Ipc.obj (.text:NameServer_getLocal)
                  c303f5c0    000000e0     ti.syslink.ipc.rtos.ae674 : FrameQBufMgr_ShMem.oe674 (.text:_FrameQBufMgr_ShMem_resetNotifyId)
                  c303f6a0    000000e0                               : FrameQBufMgr_ShMem.oe674 (.text:_FrameQBufMgr_ShMem_setNotifyId)
                  c303f780    000000e0                               : FrameQ_ShMem.oe674 (.text:_FrameQ_ShMem_getCliNotifyMgrGate)
                  c303f860    000000e0                               : FrameQ_ShMem.oe674 (.text:_FrameQ_ShMem_getCliNotifyMgrHandle)
                  c303f940    000000e0     ti.syslink.utils.rtos.bios6.ae674 : Trace.oe674 (.text:_GT_5trace)
                  c303fa20    000000e0     rts6740_elf.lib : divi.obj (.text:__divi)
                  c303fb00    000000e0                     : atoi.obj (.text:atoi)
                  c303fbe0    000000e0                     : lowlev.obj (.text:close)
                  c303fcc0    000000e0                     : fflush.obj (.text:fflush)
                  c303fda0    000000e0                     : ltoa.obj (.text:ltoa)
                  c303fe80    000000e0                     : memset.obj (.text:memset)
                  c303ff60    000000e0                     : printf.obj (.text:printf)
                  c3040040    000000e0     ipc.ae674 : Ipc.obj (.text:ti_sdo_ipc_Ipc_getMasterAddr__I)
                  c3040120    000000e0               : Ipc.obj (.text:ti_sdo_ipc_Ipc_getSlaveAddr__I)
                  c3040200    000000e0               : Ipc.obj (.text:ti_sdo_ipc_MessageQ_grow__I)
                  c30402e0    000000e0     dsp_pe674.oe674 (.text:ti_sdo_ipc_Notify_Object__create__S)
                  c30403c0    000000e0     ipc.ae674 : Ipc.obj (.text:ti_sdo_ipc_Notify_detach__F)
                  c30404a0    000000e0               : Ipc.obj (.text:ti_sdo_ipc_SharedRegion_reserveMemory__F)
                  c3040580    000000e0               : Ipc.obj (.text:ti_sdo_ipc_SharedRegion_stop__F)
                  c3040660    000000e0               : Ipc.obj (.text:ti_sdo_ipc_gates_GatePeterson_sharedMemReq__E)
                  c3040740    000000e0               : Ipc.obj (.text:ti_sdo_utils_NameServer_Module_startup__F)
                  c3040820    000000e0     sysbios.ae674 : BIOS.obj (.text:ti_sysbios_family_c64p_Cache_Module_startup__F)
                  c3040900    000000e0                   : BIOS.obj (.text:ti_sysbios_family_c64p_Hwi_Instance_finalize__F)
                  c30409e0    000000e0                   : BIOS.obj (.text:ti_sysbios_family_c64p_Hwi_Instance_init__F)
                  c3040ac0    000000e0                   : BIOS.obj (.text:ti_sysbios_knl_Task_unblockI__E)
                  c3040ba0    000000e0     ti.targets.rts6000.ae674 : Error.oe674 (.text:xdc_runtime_Error_print__F)
                  c3040c80    000000e0                              : LoggerSys.oe674 (.text:xdc_runtime_LoggerSys_write8__F)
                  c3040d60    000000e0                              : Memory.oe674 (.text:xdc_runtime_Memory_alloc__F)
                  c3040e40    000000c0     ti.syslink.ipc.rtos.ae674 : ClientNotifyMgr.oe674 (.text:ClientNotifyMgr_create)
                  c3040f00    000000c0                               : ClientNotifyMgr.oe674 (.text:ClientNotifyMgr_deleteNameServer)
                  c3040fc0    000000c0                               : FrameQBufMgr.oe674 (.text:FrameQBufMgr_getInstNo)
                  c3041080    000000c0                               : FrameQ_ShMem.oe674 (.text:FrameQ_ShMem_Params_init)
                  c3041140    000000c0                               : FrameQ_ShMem.oe674 (.text:FrameQ_ShMem_destroy)
                  c3041200    000000c0                               : FrameQ_ShMem.oe674 (.text:FrameQ_ShMem_getConfig)
                  c30412c0    000000c0     rts6740_elf.lib : trgdrv.obj (.text:HOSTread)
                  c3041380    000000c0                     : trgdrv.obj (.text:HOSTunlink)
                  c3041440    000000c0                     : trgdrv.obj (.text:HOSTwrite)
                  c3041500    000000c0     ipc.ae674 : Ipc.obj (.text:HeapMemMP_create)
                  c30415c0    000000c0     ti.syslink.ipc.rtos.ae674 : RingIO.oe674 (.text:IRingIO_openByAddr)
                  c3041680    000000c0     ipc.ae674 : Ipc.obj (.text:Ipc_stop)
                  c3041740    000000c0               : Ipc.obj (.text:ListMP_create)
                  c3041800    000000c0               : Ipc.obj (.text:MessageQ_create2)
                  c30418c0    000000c0               : Ipc.obj (.text:MultiProc_getId)
                  c3041980    000000c0               : Ipc.obj (.text:NameServer_create)
                  c3041a40    000000c0     ti.syslink.ipc.rtos.ae674 : RingIO.oe674 (.text:RingIO_Params_init)
                  c3041b00    000000c0                               : RingIO.oe674 (.text:RingIO_getConfig)
                  c3041bc0    000000c0                               : RingIO.oe674 (.text:RingIO_getEmptySize)
                  c3041c80    000000c0                               : RingIO.oe674 (.text:RingIO_getValidSize)
                  c3041d40    000000c0                               : RingIO.oe674 (.text:RingIO_release)
                  c3041e00    000000c0     ipc.ae674 : Ipc.obj (.text:SharedRegion_getId)
                  c3041ec0    000000c0     ti.syslink.ipc.rtos.ae674 : SharedMemoryMgr.oe674 (.text:SyslinkMemMgr_SharedMemory_translate)
                  c3041f80    000000c0                               : SyslinkMemMgr.oe674 (.text:SyslinkMemMgr_delete)
                  c3042040    000000c0                               : FrameQ_ShMem.oe674 (.text:_FrameQ_ShMem_getCliNotifyMgrGateShAddr)
                  c3042100    000000c0                               : FrameQ_ShMem.oe674 (.text:_FrameQ_ShMem_getCliNotifyMgrShAddr)
                  c30421c0    000000c0     ti.syslink.utils.rtos.bios6.ae674 : Trace.oe674 (.text:_GT_3trace)
                  c3042280    000000c0                                       : Trace.oe674 (.text:_GT_4trace)
                  c3042340    000000c0     rts6740_elf.lib : dtor_list.obj (.text:_Z11__TI_atexitPFYvPvES_S_)
                  c3042400    000000c0                     : dtor_list.obj (.text:__cxa_finalize)
                  c30424c0    000000c0                     : divu.obj (.text:__divu)
                  c3042580    000000c0                     : _printfi.obj (.text:_div)
                  c3042640    000000c0                     : fflush.obj (.text:_doflush)
                  c3042700    000000c0                     : exit.obj (.text:exit)
                  c30427c0    000000c0     dsp_pe674.oe674 (.text:ti_sdo_ipc_GateMP_Object__create__S)
                  c3042880    000000c0     ipc.ae674 : Ipc.obj (.text:ti_sdo_ipc_GateMP_attach__F)
                  c3042940    000000c0     dsp_pe674.oe674 (.text:ti_sdo_ipc_ListMP_Object__create__S)
                  c3042a00    000000c0     ipc.ae674 : Ipc.obj (.text:ti_sdo_ipc_ListMP_elemClear__I)
                  c3042ac0    000000c0     dsp_pe674.oe674 (.text:ti_sdo_ipc_MessageQ_Object__create__S)
                  c3042b80    000000c0     ipc.ae674 : Ipc.obj (.text:ti_sdo_ipc_Notify_execMany__I)
                  c3042c40    000000c0               : Ipc.obj (.text:ti_sdo_ipc_SharedRegion_detach__F)
                  c3042d00    000000c0               : Ipc.obj (.text:ti_sdo_ipc_family_da830_InterruptDsp_intRegister__E)
                  c3042dc0    000000c0     dsp_pe674.oe674 (.text:ti_sdo_ipc_gates_GatePeterson_Object__create__S)
                  c3042e80    000000c0     ipc.ae674 : Ipc.obj (.text:ti_sdo_ipc_gates_GatePeterson_postInit__I)
                  c3042f40    000000c0     dsp_pe674.oe674 (.text:ti_sdo_ipc_heaps_HeapMemMP_Object__create__S)
                  c3043000    000000c0     dsp_pe674.oe674 (.text:ti_sdo_ipc_notifyDrivers_NotifyDriverShm_Object__create__S)
                  c30430c0    000000c0     dsp_pe674.oe674 (.text:ti_sdo_ipc_nsremote_NameServerRemoteNotify_Object__create__S)
                  c3043180    000000c0     ipc.ae674 : Ipc.obj (.text:ti_sdo_ipc_nsremote_NameServerRemoteNotify_attach__E)
                  c3043240    000000c0     dsp_pe674.oe674 (.text:ti_sdo_ipc_transports_TransportShm_Object__create__S)
                  c3043300    000000c0     dsp_pe674.oe674 (.text:ti_sdo_utils_NameServer_Object__create__S)
                  c30433c0    000000c0     ipc.ae674 : Ipc.obj (.text:ti_sdo_utils_NameServer_postInit__I)
                  c3043480    000000c0     dsp_pe674.oe674 (.text:ti_sysbios_family_c64p_Hwi_Object__create__S)
                  c3043540    000000c0     dsp_pe674.oe674 (.text:ti_sysbios_hal_Hwi_Object__create__S)
                  c3043600    000000c0     sysbios.ae674 : BIOS.obj (.text:ti_sysbios_heaps_HeapMem_getStats__E)
                  c30436c0    000000c0                   : BIOS.obj (.text:ti_sysbios_knl_Swi_Instance_init__F)
                  c3043780    000000c0     dsp_pe674.oe674 (.text:ti_sysbios_knl_Swi_Object__create__S)
                  c3043840    000000c0     sysbios.ae674 : BIOS.obj (.text:ti_sysbios_knl_Swi_run__I)
                  c3043900    000000c0     dsp_pe674.oe674 (.text:ti_sysbios_knl_Task_Object__create__S)
                  c30439c0    000000c0     sysbios.ae674 : BIOS.obj (.text:ti_sysbios_knl_Task_allBlockedFunction__I)
                  c3043a80    000000c0                   : BIOS.obj (.text:ti_sysbios_syncs_SyncSem_Instance_init__F)
                  c3043b40    000000c0     dsp_pe674.oe674 (.text:ti_sysbios_syncs_SyncSem_Object__create__S)
                  c3043c00    000000c0     sysbios.ae674 : BIOS.obj (.text:ti_sysbios_timers_timer64_Timer_startup__E)
                  c3043cc0    000000c0     ti.targets.rts6000.ae674 : System.oe674 (.text:xdc_runtime_System_formatNum__I)
                  c3043d80    000000c0     dsp_pe674.oe674 (.text:xdc_runtime_knl_GateThread_Object__create__S)
                  c3043e40    000000a0     ti.syslink.ipc.rtos.ae674 : ClientNotifyMgr.oe674 (.text:ClientNotifyMgr_getConfig)
                  c3043ee0    000000a0                               : FrameQBufMgr.oe674 (.text:FrameQBufMgr_getConfig)
                  c3043f80    000000a0                               : FrameQBufMgr.oe674 (.text:FrameQBufMgr_getId)
                  c3044020    000000a0     rts6740_elf.lib : trgdrv.obj (.text:HOSTclose)
                  c30440c0    000000a0     ti.syslink.ipc.rtos.ae674 : RingIO.oe674 (.text:IRingIO_acquire)
                  c3044160    000000a0                               : RingIO.oe674 (.text:IRingIO_close)
                  c3044200    000000a0                               : RingIO.oe674 (.text:IRingIO_release)
                  c30442a0    000000a0                               : RingIOShm.oe674 (.text:RingIOShm_setup)
                  c3044340    000000a0     ipc.ae674 : Ipc.obj (.text:SharedRegion_getPtr)
                  c30443e0    000000a0               : Ipc.obj (.text:SharedRegion_getSRPtr)
                  c3044480    000000a0     ti.syslink.ipc.rtos.ae674 : SyslinkMemMgr.oe674 (.text:SyslinkMemMgr_free)
                  c3044520    000000a0     ti.syslink.utils.rtos.bios6.ae674 : Trace.oe674 (.text:_GT_1trace)
                  c30445c0    000000a0                                       : Trace.oe674 (.text:_GT_2trace)
                  c3044660    000000a0     ti.syslink.ipc.rtos.ae674 : RingIOShm.oe674 (.text:_RingIOShm_isOffsetInBetween)
                  c3044700    000000a0     rts6740_elf.lib : remu.obj (.text:__remu)
                  c30447a0    000000a0     boot.ae674 : boot.oe674 (.text:_c_int00)
                  c3044840    000000a0     rts6740_elf.lib : fopen.obj (.text:_cleanup)
                  c30448e0    000000a0                     : _printfi.obj (.text:_ecpy)
                  c3044980    000000a0                     : _printfi.obj (.text:_fcpy)
                  c3044a20    000000a0                     : _printfi.obj (.text:_pconv_f)
                  c3044ac0    000000a0     sysbios.ae674 : c64p_Hwi_asm.obj (.text:_ti_sysbios_family_c64p_Hwi_plug__E)
                  c3044b60    000000a0     rts6740_elf.lib : lowlev.obj (.text:finddevice)
                  c3044c00    000000a0                     : lowlev.obj (.text:lseek)
                  c3044ca0    000000a0                     : memcpy64.obj (.text:memcpy)
                  c3044d40    000000a0     mathlib.ae674 : sqrtsp.obj (.text:optasm)
                  c3044de0    000000a0     ipc.ae674 : Ipc.obj (.text:ti_sdo_ipc_GateMP_detach__F)
                  c3044e80    000000a0               : Ipc.obj (.text:ti_sdo_ipc_GateMP_getRegion0ReservedSize__F)
                  c3044f20    000000a0               : Ipc.obj (.text:ti_sdo_ipc_GateMP_stop__F)
                  c3044fc0    000000a0               : Ipc.obj (.text:ti_sdo_ipc_gates_GatePeterson_leave__E)
                  c3045060    000000a0               : Ipc.obj (.text:ti_sdo_ipc_notifyDrivers_NotifyDriverShm_Instance_finalize__F)
                  c3045100    000000a0               : Ipc.obj (.text:ti_sdo_ipc_transports_TransportShmSetup_detach__E)
                  c30451a0    000000a0     sysbios.ae674 : BIOS.obj (.text:ti_sysbios_family_c64p_Hwi_eventMap__E)
                  c3045240    000000a0                   : BIOS.obj (.text:ti_sysbios_family_c64p_Hwi_getStackInfo__E)
                  c30452e0    000000a0                   : BIOS.obj (.text:ti_sysbios_gates_GateMutex_enter__E)
                  c3045380    000000a0                   : BIOS.obj (.text:ti_sysbios_heaps_HeapMem_init__I)
                  c3045420    000000a0                   : BIOS.obj (.text:ti_sysbios_knl_Idle_run__E)
                  c30454c0    000000a0                   : BIOS.obj (.text:ti_sysbios_knl_Semaphore_pendTimeout__I)
                  c3045560    000000a0                   : BIOS.obj (.text:ti_sysbios_knl_Swi_restore__E)
                  c3045600    000000a0                   : BIOS.obj (.text:ti_sysbios_syncs_SyncSem_wait__F)
                  c30456a0    000000a0                   : BIOS.obj (.text:ti_sysbios_timers_timer64_Timer_stop__E)
                  c3045740    000000a0     rts6740_elf.lib : lowlev.obj (.text:write)
                  c30457e0    000000a0     ti.targets.rts6000.ae674 : Assert.oe674 (.text:xdc_runtime_Assert_raise__I)
                  c3045880    000000a0     dsp_pe674.oe674 (.text:xdc_runtime_LoggerSys_write8__E)
                  c3045920    000000a0     ti.targets.rts6000.ae674 : Text.oe674 (.text:xdc_runtime_Text_xprintf__I)
                  c30459c0    00000080     ti.syslink.ipc.rtos.ae674 : FrameQBufMgr_ShMem.oe674 (.text:FrameQBufMgr_ShMem_control)
                  c3045a40    00000080                               : FrameQBufMgr_ShMem.oe674 (.text:FrameQBufMgr_ShMem_getId)
                  c3045ac0    00000080                               : FrameQBufMgr_ShMem.oe674 (.text:FrameQBufMgr_ShMem_isCacheEnabledForHeaderBuf)
                  c3045b40    00000080                               : FrameQBufMgr.oe674 (.text:FrameQBufMgr_freeInstNo)
                  c3045bc0    00000080                               : FrameQBufMgr.oe674 (.text:FrameQBufMgr_getBaseHeaderSize)
                  c3045c40    00000080                               : FrameQ_ShMem.oe674 (.text:FrameQ_ShMem_control)
                  c3045cc0    00000080     ipc.ae674 : Ipc.obj (.text:GateMP_close)
                  c3045d40    00000080               : Ipc.obj (.text:GateMP_create)
                  c3045dc0    00000080               : Ipc.obj (.text:HeapMemMP_restore)
                  c3045e40    00000080     ti.syslink.ipc.rtos.ae674 : RingIO.oe674 (.text:IRingIO_getEmptySize)
                  c3045ec0    00000080                               : RingIO.oe674 (.text:IRingIO_getValidSize)
                  c3045f40    00000080     ipc.ae674 : Ipc.obj (.text:MessageQ_alloc)
                  c3045fc0    00000080               : Ipc.obj (.text:MessageQ_free)
                  c3046040    00000080     ti.syslink.ipc.rtos.ae674 : RingIOShm.oe674 (.text:RingIOShm_getConfig)
                  c30460c0    00000080     ipc.ae674 : Ipc.obj (.text:SharedRegion_getEntry)
                  c3046140    00000080     ti.syslink.utils.rtos.bios6.ae674 : Trace.oe674 (.text:_GT_0trace)
                  c30461c0    00000080                                       : Trace.oe674 (.text:_GT_setFailureReason)
                  c3046240    00000080     rts6740_elf.lib : llshift.obj (.text:__c6xabi_llshl)
                  c30462c0    00000080     sysbios.ae674 : c62_TaskSupport_asm.obj (.text:_ti_sysbios_family_c62_TaskSupport_swap__E)
                  c3046340    00000080     dsp_pe674.oe674 (.text:malloc)
                  c30463c0    00000080     rts6740_elf.lib : trgmsg.obj (.text:readmsg)
                  c3046440    00000080                     : strncpy.obj (.text:strncpy)
                  c30464c0    00000080     ipc.ae674 : Ipc.obj (.text:ti_sdo_ipc_Notify_Module_startup__F)
                  c3046540    00000080               : Ipc.obj (.text:ti_sdo_ipc_family_da830_NotifySetup_sharedMemReq__E)
                  c30465c0    00000080     dsp_pe674.oe674 (.text:ti_sdo_ipc_gates_GateMPSupportNull_Object__create__S)
                  c3046640    00000080     ipc.ae674 : Ipc.obj (.text:ti_sdo_ipc_notifyDrivers_NotifyDriverShm_sharedMemReq__F)
                  c30466c0    00000080               : Ipc.obj (.text:ti_sdo_ipc_nsremote_NameServerRemoteNotify_detach__E)
                  c3046740    00000080               : Ipc.obj (.text:ti_sdo_ipc_transports_TransportShm_swiFxn__I)
                  c30467c0    00000080     dsp_pe674.oe674 (.text:ti_sdo_utils_List_Object__create__S)
                  c3046840    00000080     sysbios.ae674 : BIOS.obj (.text:ti_sysbios_BIOS_errorRaiseHook__I)
                  c30468c0    00000080     dsp_pe674.oe674 (.text:ti_sysbios_BIOS_exitFunc__I)
                  c3046940    00000080     dsp_pe674.oe674 (.text:ti_sysbios_gates_GateAll_Object__create__S)
                  c30469c0    00000080     dsp_pe674.oe674 (.text:ti_sysbios_gates_GateHwi_Object__create__S)
                  c3046a40    00000080     dsp_pe674.oe674 (.text:ti_sysbios_gates_GateMutexPri_Object__create__S)
                  c3046ac0    00000080     dsp_pe674.oe674 (.text:ti_sysbios_gates_GateMutex_Object__create__S)
                  c3046b40    00000080     dsp_pe674.oe674 (.text:ti_sysbios_gates_GateSwi_Object__create__S)
                  c3046bc0    00000080     sysbios.ae674 : BIOS.obj (.text:ti_sysbios_hal_Hwi_checkStack:ti_sysbios_hal_Hwi_checkStack)
                  c3046c40    00000080                   : BIOS.obj (.text:ti_sysbios_hal_Hwi_initStack:ti_sysbios_hal_Hwi_initStack)
                  c3046cc0    00000080                   : BIOS.obj (.text:ti_sysbios_heaps_HeapMem_Instance_init__F)
                  c3046d40    00000080     dsp_pe674.oe674 (.text:ti_sysbios_heaps_HeapMem_Object__create__S)
                  c3046dc0    00000080     sysbios.ae674 : BIOS.obj (.text:ti_sysbios_knl_Clock_Module_startup__F)
                  c3046e40    00000080     dsp_pe674.oe674 (.text:ti_sysbios_knl_Clock_doTick__I)
                  c3046ec0    00000080     sysbios.ae674 : BIOS.obj (.text:ti_sysbios_knl_Clock_getTicks__E)
                  c3046f40    00000080     dsp_pe674.oe674 (.text:ti_sysbios_knl_Queue_Object__create__S)
                  c3046fc0    00000080     dsp_pe674.oe674 (.text:ti_sysbios_knl_Semaphore_Object__create__S)
                  c3047040    00000080     sysbios.ae674 : BIOS.obj (.text:ti_sysbios_knl_Swi_post__E)
                  c30470c0    00000080                   : BIOS.obj (.text:ti_sysbios_knl_Task_processVitalTaskFlag__I)
                  c3047140    00000080                   : BIOS.obj (.text:ti_sysbios_knl_Task_restoreHwi__E)
                  c30471c0    00000080                   : BIOS.obj (.text:ti_sysbios_knl_Task_restore__E)
                  c3047240    00000080                   : BIOS.obj (.text:ti_sysbios_knl_Task_yield__E)
                  c30472c0    00000080                   : BIOS.obj (.text:ti_sysbios_timers_timer64_Timer_getExpiredCounts__E)
                  c3047340    00000080                   : BIOS.obj (.text:ti_sysbios_timers_timer64_Timer_getPeriod__E)
                  c30473c0    00000080     dsp_pe674.oe674 (.text:ti_sysbios_xdcruntime_GateThreadSupport_Object__create__S)
                  c3047440    00000080     ti.syslink.ipc.rtos.ae674 : Syslink.oe674 (.text:ti_syslink_ipc_rtos_Syslink_attach)
                  c30474c0    00000080     rts6740_elf.lib : lowlev.obj (.text:unlink)
                  c3047540    00000080     ti.targets.rts6000.ae674 : Core-label.oe674 (.text:xdc_runtime_Core_assignLabel__I)
                  c30475c0    00000080                              : Core-params.oe674 (.text:xdc_runtime_Core_assignParams__I)
                  c3047640    00000080     dsp_pe674.oe674 (.text:xdc_runtime_LoggerSys_Object__create__S)
                  c30476c0    00000080     ti.targets.rts6000.ae674 : System.oe674 (.text:xdc_runtime_System_atexit__F)
                  c3047740    00000080                              : System.oe674 (.text:xdc_runtime_System_putchar__I)
                  c30477c0    00000080                              : System.oe674 (.text:xdc_runtime_System_rtsExit__I)
                  c3047840    00000080                              : Text.oe674 (.text:xdc_runtime_Text_printVisFxn__I)
                  c30478c0    00000060     ipc.ae674 : Ipc.obj (.text:GateMP_Params_init)
                  c3047920    00000060               : Ipc.obj (.text:HeapMemMP_Params_init)
                  c3047980    00000060               : Ipc.obj (.text:MessageQ_msgInit$4)
                  c30479e0    00000060               : Ipc.obj (.text:Notify_numIntLines)
                  c3047a40    00000060               : Ipc.obj (.text:Notify_sharedMemReq)
                  c3047aa0    00000060     ti.syslink.utils.rtos.bios6.ae674 : OsalPrint.oe674 (.text:Osal_printf)
                  c3047b00    00000060     ti.syslink.ipc.rtos.ae674 : RingIOShm.oe674 (.text:RingIOShm_destroy)
                  c3047b60    00000060     ipc.ae674 : Ipc.obj (.text:SharedRegion_getCacheLineSize)
                  c3047bc0    00000060               : Ipc.obj (.text:SharedRegion_getHeap)
                  c3047c20    00000060               : Ipc.obj (.text:SharedRegion_isCacheEnabled)
                  c3047c80    00000060     ti.syslink.ipc.rtos.ae674 : SharedMemoryMgr.oe674 (.text:SyslinkMemMgr_SharedMemory_Params_init)
                  c3047ce0    00000060                               : SharedMemoryMgr.oe674 (.text:SyslinkMemMgr_SharedMemory_alloc)
                  c3047d40    00000060                               : SharedMemoryMgr.oe674 (.text:SyslinkMemMgr_SharedMemory_create)
                  c3047da0    00000060                               : SharedMemoryMgr.oe674 (.text:SyslinkMemMgr_SharedMemory_delete)
                  c3047e00    00000060                               : SharedMemoryMgr.oe674 (.text:SyslinkMemMgr_SharedMemory_free)
                  c3047e60    00000060                               : TilerMemoryMgr.oe674 (.text:SyslinkMemMgr_TilerMemory_Params_init)
                  c3047ec0    00000060                               : TilerMemoryMgr.oe674 (.text:SyslinkMemMgr_TilerMemory_create)
                  c3047f20    00000060                               : TilerMemoryMgr.oe674 (.text:SyslinkMemMgr_TilerMemory_delete)
                  c3047f80    00000060                               : SyslinkMemMgr.oe674 (.text:SyslinkMemMgr_alloc)
                  c3047fe0    00000060                               : RingIOShm.oe674 (.text:_RingIOShm_sendNotification)
                  c3048040    00000060     rts6740_elf.lib : imath64.obj (.text:_subcull)
                  c30480a0    00000060     dsp_pe674.oe674 (.text:calloc)
                  c3048100    00000060     dsp_pe674.oe674 (.text:free)
                  c3048160    00000060     rts6740_elf.lib : memccpy.obj (.text:memccpy)
                  c30481c0    00000060     ring_buffer.obj (.text)
                  c3048220    00000060     rts6740_elf.lib : strcpy.obj (.text:strcpy)
                  c3048280    00000060     ipc.ae674 : Ipc.obj (.text:ti_sdo_ipc_GateMP_createLocal__F)
                  c30482e0    00000060               : Ipc.obj (.text:ti_sdo_ipc_Ipc_getRegion0ReservedSize__I)
                  c3048340    00000060     dsp_pe674.oe674 (.text:ti_sdo_ipc_MessageQ_Object__get__S)
                  c30483a0    00000060     dsp_pe674.oe674 (.text:ti_sdo_ipc_gates_GateMPSupportNull_Handle__label__S)
                  c3048400    00000060     dsp_pe674.oe674 (.text:ti_sdo_ipc_gates_GatePeterson_Handle__label__S)
                  c3048460    00000060     ipc.ae674 : Ipc.obj (.text:ti_sdo_ipc_gates_GatePeterson_Instance_finalize__F)
                  c30484c0    00000060     dsp_pe674.oe674 (.text:ti_sdo_ipc_heaps_HeapMemMP_Handle__label__S)
                  c3048520    00000060     dsp_pe674.oe674 (.text:ti_sdo_ipc_notifyDrivers_NotifyDriverShm_Handle__label__S)
                  c3048580    00000060     ipc.ae674 : Ipc.obj (.text:ti_sdo_ipc_notifyDrivers_NotifyDriverShm_enableEvent__E)
                  c30485e0    00000060               : Ipc.obj (.text:ti_sdo_ipc_notifyDrivers_NotifyDriverShm_setNotifyHandle__E)
                  c3048640    00000060     dsp_pe674.oe674 (.text:ti_sdo_ipc_nsremote_NameServerRemoteNotify_Handle__label__S)
                  c30486a0    00000060     ipc.ae674 : Ipc.obj (.text:ti_sdo_ipc_transports_TransportShmSetup_sharedMemReq__E)
                  c3048700    00000060     dsp_pe674.oe674 (.text:ti_sdo_ipc_transports_TransportShm_Handle__label__S)
                  c3048760    00000060     dsp_pe674.oe674 (.text:ti_sdo_utils_List_Object__get__S)
                  c30487c0    00000060     dsp_pe674.oe674 (.text:ti_sdo_utils_NameServer_Object__get__S)
                  c3048820    00000060     sysbios.ae674 : BIOS.obj (.text:ti_sysbios_BIOS_registerRTSLock__I)
                  c3048880    00000060                   : BIOS.obj (.text:ti_sysbios_BIOS_removeRTSLock__I)
                  c30488e0    00000060                   : BIOS.obj (.text:ti_sysbios_BIOS_rtsLock__I)
                  c3048940    00000060                   : BIOS.obj (.text:ti_sysbios_family_c62_TaskSupport_start__E)
                  c30489a0    00000060                   : BIOS.obj (.text:ti_sysbios_family_c64p_Cache_all__I)
                  c3048a00    00000060                   : BIOS.obj (.text:ti_sysbios_family_c64p_Cache_marInit__I)
                  c3048a60    00000060                   : BIOS.obj (.text:ti_sysbios_family_c64p_Cache_setMar__E)
                  c3048ac0    00000060                   : BIOS.obj (.text:ti_sysbios_family_c64p_Cache_setSize__E)
                  c3048b20    00000060                   : BIOS.obj (.text:ti_sysbios_family_c64p_Cache_wait__E)
                  c3048b80    00000060     dsp_pe674.oe674 (.text:ti_sysbios_gates_GateAll_Handle__label__S)
                  c3048be0    00000060     sysbios.ae674 : BIOS.obj (.text:ti_sysbios_gates_GateAll_enter__E)
                  c3048c40    00000060                   : BIOS.obj (.text:ti_sysbios_gates_GateAll_leave__E)
                  c3048ca0    00000060     dsp_pe674.oe674 (.text:ti_sysbios_gates_GateHwi_Handle__label__S)
                  c3048d00    00000060     dsp_pe674.oe674 (.text:ti_sysbios_gates_GateMutexPri_Handle__label__S)
                  c3048d60    00000060     dsp_pe674.oe674 (.text:ti_sysbios_gates_GateMutex_Handle__label__S)
                  c3048dc0    00000060     sysbios.ae674 : BIOS.obj (.text:ti_sysbios_gates_GateMutex_Instance_init__F)
                  c3048e20    00000060     dsp_pe674.oe674 (.text:ti_sysbios_gates_GateSwi_Handle__label__S)
                  c3048e80    00000060     sysbios.ae674 : BIOS.obj (.text:ti_sysbios_hal_Hwi_Instance_init__F)
                  c3048ee0    00000060     dsp_pe674.oe674 (.text:ti_sysbios_heaps_HeapMem_Handle__label__S)
                  c3048f40    00000060     dsp_pe674.oe674 (.text:ti_sysbios_heaps_HeapMem_Object__get__S)
                  c3048fa0    00000060     sysbios.ae674 : BIOS.obj (.text:ti_sysbios_knl_Clock_setupTimerToSkipTicks__E)
                  c3049000    00000060     dsp_pe674.oe674 (.text:ti_sysbios_knl_Queue_Object__get__S)
                  c3049060    00000060     sysbios.ae674 : BIOS.obj (.text:ti_sysbios_knl_Semaphore_Instance_init__F)
                  c30490c0    00000060                   : BIOS.obj (.text:ti_sysbios_knl_Swi_Module_startup__F)
                  c3049120    00000060     dsp_pe674.oe674 (.text:ti_sysbios_knl_Swi_Object__get__S)
                  c3049180    00000060     dsp_pe674.oe674 (.text:ti_sysbios_knl_Task_Object__get__S)
                  c30491e0    00000060     sysbios.ae674 : BIOS.obj (.text:ti_sysbios_knl_Task_enter__I)
                  c3049240    00000060                   : BIOS.obj (.text:ti_sysbios_knl_Task_sleepTimeout__I)
                  c30492a0    00000060     dsp_pe674.oe674 (.text:ti_sysbios_syncs_SyncSem_Handle__label__S)
                  c3049300    00000060     ti.syslink.ipc.rtos.ae674 : Syslink.oe674 (.text:ti_syslink_ipc_rtos_Syslink_detach)
                  c3049360    00000060     rts6740_elf.lib : trgmsg.obj (.text:writemsg)
                  c30493c0    00000060     dsp_pe674.oe674 (.text:xdc_runtime_GateNull_Handle__label__S)
                  c3049420    00000060     dsp_pe674.oe674 (.text:xdc_runtime_GateNull_Object__create__S)
                  c3049480    00000060     dsp_pe674.oe674 (.text:xdc_runtime_LoggerSys_Handle__label__S)
                  c30494e0    00000060     ti.targets.rts6000.ae674 : LoggerSys.oe674 (.text:xdc_runtime_LoggerSys_write0__F)
                  c3049540    00000060                              : LoggerSys.oe674 (.text:xdc_runtime_LoggerSys_write1__F)
                  c30495a0    00000060                              : Memory.oe674 (.text:xdc_runtime_Memory_calloc__F)
                  c3049600    00000060                              : Memory.oe674 (.text:xdc_runtime_Memory_valloc__F)
                  c3049660    00000060                              : SysStd.oe674 (.text:xdc_runtime_SysStd_abort__F)
                  c30496c0    00000060                              : System.oe674 (.text:xdc_runtime_System_aprintf_va__F)
                  c3049720    00000060                              : System.oe674 (.text:xdc_runtime_System_printf_va__F)
                  c3049780    00000060                              : Text.oe674 (.text:xdc_runtime_Text_cordText__F)
                  c30497e0    00000060     dsp_pe674.oe674 (.text:xdc_runtime_knl_GateThread_Handle__label__S)
                  c3049840    00000040     ti.syslink.ipc.rtos.ae674 : FrameQBufMgr.oe674 (.text:FrameQBufMgr_isSupportedBufInterface)
                  c3049880    00000040                               : FrameQBufMgr.oe674 (.text:FrameQBufMgr_isSupportedInterface)
                  c30498c0    00000040                               : FrameQBufMgr.oe674 (.text:IFrameQBufMgr_alloc)
                  c3049900    00000040                               : FrameQBufMgr.oe674 (.text:IFrameQBufMgr_allocv)
                  c3049940    00000040                               : FrameQBufMgr.oe674 (.text:IFrameQBufMgr_dup)
                  c3049980    00000040                               : FrameQBufMgr.oe674 (.text:IFrameQBufMgr_dupv)
                  c30499c0    00000040                               : FrameQBufMgr.oe674 (.text:IFrameQBufMgr_free)
                  c3049a00    00000040                               : FrameQBufMgr.oe674 (.text:IFrameQBufMgr_freev)
                  c3049a40    00000040                               : FrameQBufMgr.oe674 (.text:IFrameQBufMgr_getNumFreeFrames)
                  c3049a80    00000040                               : FrameQBufMgr.oe674 (.text:IFrameQBufMgr_getvNumFreeFrames)
                  c3049ac0    00000040                               : FrameQBufMgr.oe674 (.text:IFrameQBufMgr_invalidateFrameBuf)
                  c3049b00    00000040                               : FrameQBufMgr.oe674 (.text:IFrameQBufMgr_invalidateHeaderBuf)
                  c3049b40    00000040                               : FrameQBufMgr.oe674 (.text:IFrameQBufMgr_isCacheEnabledForFrameBuf)
                  c3049b80    00000040                               : FrameQBufMgr.oe674 (.text:IFrameQBufMgr_registerNotifier)
                  c3049bc0    00000040                               : FrameQBufMgr.oe674 (.text:IFrameQBufMgr_translateAddr)
                  c3049c00    00000040                               : FrameQBufMgr.oe674 (.text:IFrameQBufMgr_writeBackFrameBuf)
                  c3049c40    00000040                               : FrameQBufMgr.oe674 (.text:IFrameQBufMgr_writeBackHeaderBuf)
                  c3049c80    00000040     ipc.ae674 : Ipc.obj (.text:MessageQ_create)
                  c3049cc0    00000040               : Ipc.obj (.text:MessageQ_registerHeap)
                  c3049d00    00000040               : Ipc.obj (.text:MessageQ_unregisterHeap)
                  c3049d40    00000040               : Ipc.obj (.text:Notify_intLineRegistered)
                  c3049d80    00000040     ti.syslink.ipc.rtos.ae674 : RingIOShm.oe674 (.text:RingIOShm_setAttribute)
                  c3049dc0    00000040                               : TilerMemoryMgr.oe674 (.text:SyslinkMemMgr_TilerMemory_translate)
                  c3049e00    00000040                               : SyslinkMemMgr.oe674 (.text:SyslinkMemMgr_translate)
                  c3049e40    00000040     rts6740_elf.lib : frcmpyd_div.obj (.text:__c6xabi_frcmpyd_div)
                  c3049e80    00000040                     : isinf.obj (.text:__c6xabi_isinf)
                  c3049ec0    00000040                     : _printfi.obj (.text:__c6xabi_isnan)
                  c3049f00    00000040                     : llshift.obj (.text:__c6xabi_llshru)
                  c3049f40    00000040                     : strasg.obj (.text:__strasgi_64plus)
                  c3049f80    00000040                     : args_main.obj (.text:_args_main)
                  c3049fc0    00000040     sysbios.ae674 : c62_TaskSupport_asm.obj (.text:_ti_sysbios_family_c62_TaskSupport_buildTaskStack)
                  c304a000    00000040                   : c64p_Hwi_asm_switch.obj (.text:_ti_sysbios_family_xxx_Hwi_switchToIsrStack)
                  c304a040    00000040     rts6740_elf.lib : strcmp.obj (.text:strcmp)
                  c304a080    00000040                     : strlen.obj (.text:strlen)
                  c304a0c0    00000040     dsp_pe674.oe674 (.text:ti_sdo_ipc_GateMP_Object__delete__S)
                  c304a100    00000040     dsp_pe674.oe674 (.text:ti_sdo_ipc_GateMP_Params__init__S)
                  c304a140    00000040     dsp_pe674.oe674 (.text:ti_sdo_ipc_GateMP_RemoteCustom1Proxy_Object__create__S)
                  c304a180    00000040     dsp_pe674.oe674 (.text:ti_sdo_ipc_GateMP_RemoteCustom2Proxy_Object__create__S)
                  c304a1c0    00000040     dsp_pe674.oe674 (.text:ti_sdo_ipc_GateMP_RemoteSystemProxy_Object__create__S)
                  c304a200    00000040     dsp_pe674.oe674 (.text:ti_sdo_ipc_ListMP_Object__delete__S)
                  c304a240    00000040     dsp_pe674.oe674 (.text:ti_sdo_ipc_ListMP_Params__init__S)
                  c304a280    00000040     dsp_pe674.oe674 (.text:ti_sdo_ipc_MessageQ_Object__delete__S)
                  c304a2c0    00000040     dsp_pe674.oe674 (.text:ti_sdo_ipc_MessageQ_Params__init__S)
                  c304a300    00000040     ipc.ae674 : Ipc.obj (.text:ti_sdo_ipc_MessageQ_registerTransport__F)
                  c304a340    00000040               : Ipc.obj (.text:ti_sdo_ipc_MessageQ_unregisterTransport__F)
                  c304a380    00000040     dsp_pe674.oe674 (.text:ti_sdo_ipc_Notify_Object__delete__S)
                  c304a3c0    00000040     ipc.ae674 : Ipc.obj (.text:ti_sdo_ipc_Notify_exec__F)
                  c304a400    00000040               : Ipc.obj (.text:ti_sdo_ipc_SharedRegion_resetInternalFields__F)
                  c304a440    00000040               : Ipc.obj (.text:ti_sdo_ipc_family_da830_InterruptDsp_intClear__E)
                  c304a480    00000040               : Ipc.obj (.text:ti_sdo_ipc_family_da830_InterruptDsp_intSend__E)
                  c304a4c0    00000040     dsp_pe674.oe674 (.text:ti_sdo_ipc_gates_GateMPSupportNull_Object__delete__S)
                  c304a500    00000040     dsp_pe674.oe674 (.text:ti_sdo_ipc_gates_GateMPSupportNull_Params__init__S)
                  c304a540    00000040     dsp_pe674.oe674 (.text:ti_sdo_ipc_gates_GatePeterson_Object__delete__S)
                  c304a580    00000040     dsp_pe674.oe674 (.text:ti_sdo_ipc_gates_GatePeterson_Params__init__S)
                  c304a5c0    00000040     dsp_pe674.oe674 (.text:ti_sdo_ipc_heaps_HeapMemMP_Object__delete__S)
                  c304a600    00000040     dsp_pe674.oe674 (.text:ti_sdo_ipc_heaps_HeapMemMP_Params__init__S)
[...]
c307f7d0   ti_sysbios_hal_Hwi_Object__table__V
c307f7e0   ti_sysbios_hal_Timer_Object__table__V
c307f7f0   xdc_runtime_LoggerSys_Object__table__V
c307f7fc   _lock
c307f800   _unlock
c307f808   ti_sdo_ipc_Notify_Module_State_0_notifyHandles__A
c307f810   ti_sdo_ipc_transports_TransportShmSetup_Module_State_0_handles__A
c307f818   ti_sysbios_family_c64p_primus_TimerSupport_Module_State_0_suspSrc__A
c307f820   ti_sysbios_gates_GateHwi_Object__table__V
c307f828   xdc_runtime_GateNull_Object__table__V
c307f830   ti_sdo_ipc_GateMP_Module_State_0_remoteCustom2Gates__A
c307f838   ti_sdo_ipc_Notify_Module_State_0_notifyHandles_0__A
c307f840   ti_sdo_ipc_Notify_Module_State_0_notifyHandles_1__A
c307f848   ti_sysbios_knl_Task_Module_State_0_idleTask__A
c307f850   ti_sdo_utils_NameServer_Module_State_0_nsRemoteHandle__A
c307f858   ti_sysbios_heaps_HeapMem_Instance_State_0_buf__A
c309f858   ti_sysbios_knl_Task_Instance_State_0_hookEnv__A
c309f85c   RingIOShm_moduleCfg
c309f860   CFFT_In
c30a1860   CFFT_Out
c30a3860   Cw
c30a5860   Cmo
c30a6860   input
c30a7860   output
c30a8850   firout
c30a9840   upp_buffer_a
c30aa040   transposeParA
c30aa050   ti_sysbios_knl_Task_Instance_State_0_stack__A
c30aa850   _tmpnams
c30aa990   FrameQ_moduleCfg
c30aa9a8   RingIO_moduleCfg
c30aa9b0   xdc_runtime_Text_charTab__A
c30b6ea0   xdc_runtime_Text_nodeTab__A
c30b7118   _ctypes_
c30b721a   ti_sdo_ipc_GateMP_Module__id__C
c30b7834   ti_sysbios_knl_Task_Object__PARAMS__C
c30b7870   ti_sdo_ipc_notifyDrivers_NotifyDriverShm_Module__FXNS__C
c30b78a8   xdc_runtime_Startup_sfxnTab__A
c30b78e0   ti_sdo_ipc_GateMP_Object__PARAMS__C
c30b7914   ti_sdo_ipc_notifyDrivers_NotifyDriverShm_Object__PARAMS__C
c30b7948   xdc_runtime_LoggerSys_Module__FXNS__C
c30b79ac   ti_sdo_ipc_heaps_HeapMemMP_Object__PARAMS__C
c30b79dc   ti_sysbios_family_c64p_Hwi_Object__PARAMS__C
c30b7a38   ti_sdo_ipc_ListMP_Object__PARAMS__C
c30b7a64   ti_sdo_ipc_gates_GateMPSupportNull_Module__FXNS__C
c30b7a90   ti_sdo_ipc_gates_GatePeterson_Module__FXNS__C
c30b7abc   ti_sdo_utils_NameServer_Object__PARAMS__C
c30b7ae8   ti_sysbios_hal_Hwi_Object__PARAMS__C
c30b7b14   ti_sdo_ipc_heaps_HeapMemMP_Module__FXNS__C
c30b7b3c   ti_sdo_ipc_nsremote_NameServerRemoteNotify_Module__FXNS__C
c30b7b64   ti_sdo_ipc_transports_TransportShm_Module__FXNS__C
c30b7b8c   ti_sdo_ipc_transports_TransportShm_Object__PARAMS__C
c30b7bb4   ti_sysbios_heaps_HeapMem_Module__FXNS__C
c30b7bdc   ti_sysbios_knl_Swi_Object__PARAMS__C
c30b7c04   ti_sdo_ipc_gates_GateMPSupportNull_Object__PARAMS__C
c30b7c28   ti_sdo_ipc_gates_GatePeterson_Object__PARAMS__C
c30b7c4c   ti_sysbios_gates_GateAll_Module__FXNS__C
c30b7c70   ti_sysbios_gates_GateHwi_Module__FXNS__C
c30b7c94   ti_sysbios_gates_GateMutexPri_Module__FXNS__C
c30b7cb8   ti_sysbios_gates_GateMutex_Module__FXNS__C
c30b7cdc   ti_sysbios_gates_GateSwi_Module__FXNS__C
c30b7d00   ti_sysbios_heaps_HeapMem_Object__PARAMS__C
c30b7d24   ti_sysbios_knl_Semaphore_Object__PARAMS__C
c30b7d48   ti_sysbios_syncs_SyncSem_Module__FXNS__C
c30b7d6c   xdc_runtime_GateNull_Module__FXNS__C
c30b7d90   xdc_runtime_knl_GateThread_Module__FXNS__C
c30b7dd8   ti_sdo_ipc_GateMP_Object__DESC__C
c30b7df8   ti_sdo_ipc_ListMP_Object__DESC__C
c30b7e18   ti_sdo_ipc_MessageQ_Object__DESC__C
c30b7e38   ti_sdo_ipc_MessageQ_Object__PARAMS__C
c30b7e58   ti_sdo_ipc_Notify_Object__DESC__C
c30b7e78   ti_sdo_ipc_gates_GateMPSupportNull_Object__DESC__C
c30b7e98   ti_sdo_ipc_gates_GatePeterson_Object__DESC__C
c30b7eb8   ti_sdo_ipc_heaps_HeapMemMP_Object__DESC__C
c30b7ed8   ti_sdo_ipc_notifyDrivers_NotifyDriverShm_Object__DESC__C
c30b7ef8   ti_sdo_ipc_nsremote_NameServerRemoteNotify_Object__DESC__C
c30b7f18   ti_sdo_ipc_nsremote_NameServerRemoteNotify_Object__PARAMS__C
c30b7f38   ti_sdo_ipc_transports_TransportShm_Object__DESC__C
c30b7f58   ti_sdo_utils_List_Object__DESC__C
c30b7f78   ti_sdo_utils_NameServer_Object__DESC__C
c30b7f98   ti_sysbios_family_c64p_Hwi_Object__DESC__C
c30b7fb8   ti_sysbios_gates_GateAll_Object__DESC__C
c30b7fd8   ti_sysbios_gates_GateHwi_Object__DESC__C
c30b7ff8   ti_sysbios_gates_GateMutexPri_Object__DESC__C
c30b8018   ti_sysbios_gates_GateMutex_Object__DESC__C
c30b8038   ti_sysbios_gates_GateSwi_Object__DESC__C
c30b8058   ti_sysbios_hal_Hwi_Object__DESC__C
c30b8078   ti_sysbios_heaps_HeapMem_Object__DESC__C
c30b8098   ti_sysbios_knl_Queue_Object__DESC__C
c30b80b8   ti_sysbios_knl_Semaphore_Object__DESC__C
c30b80d8   ti_sysbios_knl_Swi_Object__DESC__C
c30b80f8   ti_sysbios_knl_Task_Object__DESC__C
c30b8118   ti_sysbios_syncs_SyncSem_Object__DESC__C
c30b8138   ti_sysbios_xdcruntime_GateThreadSupport_Object__DESC__C
c30b8158   xdc_runtime_GateNull_Object__DESC__C
c30b8178   xdc_runtime_LoggerSys_Object__DESC__C
c30b8198   xdc_runtime_knl_GateThread_Object__DESC__C
c30b81b8   ti_sysbios_syncs_SyncSem_Object__PARAMS__C
c30b81d8   xdc_runtime_Startup_sfxnRts__A
c30b81f4   ti_sdo_ipc_Notify_Object__PARAMS__C
c30b820c   ti_sdo_utils_List_Object__PARAMS__C
c30b8224   ti_sysbios_gates_GateAll_Object__PARAMS__C
c30b823c   ti_sysbios_gates_GateHwi_Object__PARAMS__C
c30b8254   ti_sysbios_gates_GateMutexPri_Object__PARAMS__C
c30b826c   ti_sysbios_gates_GateMutex_Object__PARAMS__C
c30b8284   ti_sysbios_gates_GateSwi_Object__PARAMS__C
c30b829c   ti_sysbios_knl_Queue_Object__PARAMS__C
c30b82b4   ti_sdo_ipc_GateMP_E_gateUnavailable__C
c30b82b8   ti_sysbios_knl_Task_hooks__A
c30b82d0   ti_sysbios_xdcruntime_GateThreadSupport_Object__PARAMS__C
c30b82e8   xdc_runtime_GateNull_Object__PARAMS__C
c30b8300   xdc_runtime_LoggerSys_Object__PARAMS__C
c30b8318   xdc_runtime_knl_GateThread_Object__PARAMS__C
c30b8342   ti_sdo_ipc_Ipc_generateSlaveDataForHost__C
c30b8344   ti_sdo_ipc_GateMP_E_localGate__C
c30b8348   ti_sdo_ipc_Ipc_userFxns__A
c30b8354   ti_sysbios_family_c64p_Cache_initSize__C
c30b8368   ti_sdo_utils_MultiProc_nameList__A
c30b8370   ti_sysbios_knl_Idle_coreList__C
c30b8378   ti_sysbios_knl_Idle_funcList__C
c30b8380   ti_sysbios_knl_Task_hooks__C
c30b8388   xdc_runtime_Startup_firstFxns__A
c30b8390   xdc_runtime_Startup_firstFxns__C
c30b8398   xdc_runtime_Startup_lastFxns__C
c30b83a0   ti_sdo_ipc_Ipc_E_internal__C
c30b83a4   ti_sdo_ipc_Ipc_E_nameFailed__C
c30b83a8   ti_sdo_ipc_Ipc_E_versionMismatch__C
c30b83ac   ti_sdo_ipc_Ipc_numUserFxns__C
c30b83b0   ti_sdo_ipc_Ipc_procSync__C
c30b83b4   ti_sdo_ipc_Ipc_userFxns__C
c30b83b8   ti_sdo_ipc_MessageQ_E_indexNotAvailable__C
c30b83bc   ti_sdo_ipc_MessageQ_E_maxReached__C
c30b83c0   ti_sdo_ipc_MessageQ_E_nameFailed__C
c30b83c4   ti_sdo_ipc_MessageQ_Instance_State_highList__O
c30b83c8   ti_sdo_ipc_MessageQ_Instance_State_normalList__O
c30b83cc   ti_sdo_ipc_MessageQ_Object__count__C
c30b83d0   ti_sdo_ipc_MessageQ_Object__heap__C
c30b83d4   ti_sdo_ipc_MessageQ_Object__table__C
c30b83d8   ti_sdo_ipc_MessageQ_maxRuntimeEntries__C
c30b83dc   ti_sdo_ipc_MessageQ_numReservedEntries__C
c30b83e0   ti_sdo_ipc_Notify_Module__gateObj__C
c30b83e4   ti_sdo_ipc_Notify_Object__heap__C
c30b83e8   ti_sdo_ipc_Notify_numEvents__C
c30b83ec   ti_sdo_ipc_Notify_sendEventPollCount__C
c30b83f0   ti_sdo_ipc_SharedRegion_INVALIDSRPTR__C
c30b83f4   ti_sdo_ipc_SharedRegion_numOffsetBits__C
c30b83f8   ti_sdo_ipc_SharedRegion_offsetMask__C
c30b83fc   ti_sdo_ipc_family_da830_NotifySetup_armRecvIntId0__C
c30b8400   ti_sdo_ipc_family_da830_NotifySetup_armRecvIntId1__C
c30b8404   ti_sdo_ipc_family_da830_NotifySetup_dspIntVectId0__C
c30b8408   ti_sdo_ipc_family_da830_NotifySetup_dspIntVectId1__C
c30b840c   ti_sdo_ipc_family_da830_NotifySetup_dspRecvIntId0__C
c30b8410   ti_sdo_ipc_family_da830_NotifySetup_dspRecvIntId1__C
c30b8414   ti_sdo_ipc_gates_GatePeterson_E_gateRemotelyOpened__C
c30b8418   ti_sdo_ipc_heaps_HeapMemMP_E_memory__C
c30b841c   ti_sdo_ipc_interfaces_IGateMPSupport_Interface__BASE__C
c30b8420   ti_sdo_ipc_interfaces_IMessageQTransport_Interface__BASE__C
c30b8424   ti_sdo_ipc_interfaces_INotifyDriver_Interface__BASE__C
c30b8428   ti_sdo_ipc_notifyDrivers_NotifyDriverShm_Object__heap__C
c30b842c   ti_sdo_ipc_nsremote_NameServerRemoteNotify_Instance_State_semMultiBlock__O
c30b8430   ti_sdo_ipc_nsremote_NameServerRemoteNotify_Instance_State_semRemoteWait__O
c30b8434   ti_sdo_ipc_nsremote_NameServerRemoteNotify_Instance_State_swiObj__O
c30b8438   ti_sdo_ipc_nsremote_NameServerRemoteNotify_notifyEventId__C
c30b843c   ti_sdo_ipc_nsremote_NameServerRemoteNotify_timeout__C
c30b8440   ti_sdo_ipc_transports_TransportShmSetup_priority__C
c30b8444   ti_sdo_ipc_transports_TransportShm_Instance_State_swiObj__O
c30b8448   ti_sdo_utils_INameServerRemote_Interface__BASE__C
c30b844c   ti_sdo_utils_List_Object__count__C
c30b8450   ti_sdo_utils_List_Object__table__C
c30b8454   ti_sdo_utils_MultiProc_nameList__C
c30b8458   ti_sdo_utils_NameServer_E_entryExists__C
c30b845c   ti_sdo_utils_NameServer_E_maxReached__C
c30b8460   ti_sdo_utils_NameServer_Instance_State_freeList__O
c30b8464   ti_sdo_utils_NameServer_Instance_State_nameList__O
c30b8468   ti_sdo_utils_NameServer_Object__count__C
c30b846c   ti_sdo_utils_NameServer_Object__heap__C
c30b8470   ti_sdo_utils_NameServer_Object__table__C
c30b8474   ti_sysbios_BIOS_installedErrorHook__C
c30b8478   ti_sysbios_family_c62_TaskSupport_stackAlignment__C
c30b847c   ti_sysbios_family_c64p_Cache_EMIFA_BASE__C
c30b8480   ti_sysbios_family_c64p_Cache_EMIFA_CFG__C
c30b8484   ti_sysbios_family_c64p_Cache_EMIFA_LENGTH__C
c30b8488   ti_sysbios_family_c64p_Cache_EMIFB_BASE__C
c30b848c   ti_sysbios_family_c64p_Cache_EMIFB_CFG__C
c30b8490   ti_sysbios_family_c64p_Cache_EMIFB_LENGTH__C
c30b8494   ti_sysbios_family_c64p_Cache_EMIFC_BASE__C
c30b8498   ti_sysbios_family_c64p_Cache_EMIFC_CFG__C
c30b849c   ti_sysbios_family_c64p_Cache_EMIFC_LENGTH__C
c30b84a0   ti_sysbios_family_c64p_Cache_MAR0_31__C
c30b84a4   ti_sysbios_family_c64p_Cache_MAR128_159__C
c30b84a8   ti_sysbios_family_c64p_Cache_MAR160_191__C
c30b84ac   ti_sysbios_family_c64p_Cache_MAR192_223__C
c30b84b0   ti_sysbios_family_c64p_Cache_MAR224_255__C
c30b84b4   ti_sysbios_family_c64p_Cache_MAR32_63__C
c30b84b8   ti_sysbios_family_c64p_Cache_MAR64_95__C
c30b84bc   ti_sysbios_family_c64p_Cache_MAR96_127__C
c30b84c0   ti_sysbios_family_c64p_Exception_E_exceptionMax__C
c30b84c4   ti_sysbios_family_c64p_Exception_E_exceptionMin__C
c30b84c8   ti_sysbios_family_c64p_Exception_exceptionHook__C
c30b84cc   ti_sysbios_family_c64p_Exception_externalHook__C
c30b84d0   ti_sysbios_family_c64p_Exception_internalHook__C
c30b84d4   ti_sysbios_family_c64p_Exception_nmiHook__C
c30b84d8   ti_sysbios_family_c64p_Hwi_E_alreadyDefined__C
c30b84dc   ti_sysbios_family_c64p_Hwi_E_handleNotFound__C
c30b84e0   ti_sysbios_gates_GateMutexPri_Instance_State_pendQ__O
c30b84e4   ti_sysbios_gates_GateMutex_Instance_State_sem__O
c30b84e8   ti_sysbios_hal_Hwi_E_stackOverflow__C
c30b84ec   ti_sysbios_heaps_HeapMem_E_memory__C
c30b84f0   ti_sysbios_heaps_HeapMem_Module__gateObj__C
c30b84f4   ti_sysbios_heaps_HeapMem_Object__count__C
c30b84f8   ti_sysbios_heaps_HeapMem_Object__table__C
c30b84fc   ti_sysbios_heaps_HeapMem_reqAlign__C
c30b8500   ti_sysbios_knl_Clock_Module_State_clockQ__O
c30b8504   ti_sysbios_knl_Clock_tickMode__C
c30b8508   ti_sysbios_knl_Clock_tickPeriod__C
c30b850c   ti_sysbios_knl_Clock_tickSource__C
c30b8510   ti_sysbios_knl_Idle_coreList__A
c30b8514   ti_sysbios_knl_Queue_Object__count__C
c30b8518   ti_sysbios_knl_Idle_funcList__A
c30b851c   ti_sysbios_knl_Queue_Object__table__C
c30b8520   ti_sysbios_knl_Semaphore_Instance_State_pendQ__O
c30b8524   ti_sysbios_knl_Swi_Object__count__C
c30b8528   ti_sysbios_knl_Swi_Object__table__C
c30b852c   ti_sysbios_knl_Swi_numPriorities__C
c30b8530   ti_sysbios_knl_Task_E_deleteNotAllowed__C
c30b8534   ti_sysbios_knl_Task_E_spOutOfBounds__C
c30b8538   ti_sysbios_knl_Task_E_stackOverflow__C
c30b853c   ti_sysbios_knl_Task_Module_State_inactiveQ__O
c30b8540   ti_sysbios_knl_Task_Module_State_terminatedQ__O
c30b8544   ti_sysbios_knl_Task_Object__count__C
c30b8548   ti_sysbios_knl_Task_Object__heap__C
c30b854c   ti_sysbios_knl_Task_Object__table__C
c30b8550   ti_sysbios_knl_Task_allBlockedFunc__C
c30b8554   ti_sysbios_knl_Task_defaultStackHeap__C
c30b8558   ti_sysbios_knl_Task_defaultStackSize__C
c30b855c   ti_sysbios_knl_Task_numConstructedTasks__C
c30b8560   ti_sysbios_timers_timer64_Timer_E_cannotSupport__C
c30b8564   ti_sysbios_timers_timer64_Timer_anyMask__C
c30b8568   ti_sysbios_timers_timer64_Timer_freqDivisor__C
c30b856c   ti_sysbios_timers_timer64_Timer_numLocalTimers__C
c30b8570   ti_sysbios_timers_timer64_Timer_numTimerDevices__C
c30b8574   ti_sysbios_xdcruntime_GateThreadSupport_Instance_State_gate__O
c30b8578   xdc_runtime_Assert_E_assertFailed__C
c30b857c   xdc_runtime_Core_A_initializedParams__C
c30b8580   xdc_runtime_Core_Module__diagsEnabled__C
c30b8584   xdc_runtime_Core_Module__diagsIncluded__C
c30b8588   xdc_runtime_Core_Module__diagsMask__C
c30b858c   xdc_runtime_Error_E_memory__C
c30b8590   xdc_runtime_Error_Module__diagsEnabled__C
c30b8594   xdc_runtime_Error_Module__diagsIncluded__C
c30b8598   xdc_runtime_Error_Module__diagsMask__C
c30b859c   xdc_runtime_Error_Module__loggerFxn8__C
c30b85a0   xdc_runtime_Error_Module__loggerObj__C
c30b85a4   xdc_runtime_Error_policy__C
c30b85a8   xdc_runtime_Error_raiseHook__C
c30b85ac   xdc_runtime_IGateProvider_Interface__BASE__C
c30b85b0   xdc_runtime_IHeap_Interface__BASE__C
c30b85b4   xdc_runtime_ILogger_Interface__BASE__C
c30b85b8   xdc_runtime_IModule_Interface__BASE__C
c30b85bc   xdc_runtime_Log_L_error__C
c30b85c0   xdc_runtime_Log_L_info__C
c30b85c4   xdc_runtime_Log_L_warning__C
c30b85c8   xdc_runtime_Main_Module__diagsEnabled__C
c30b85cc   xdc_runtime_Main_Module__diagsIncluded__C
c30b85d0   xdc_runtime_Main_Module__diagsMask__C
c30b85d4   xdc_runtime_Main_Module__loggerFxn1__C
c30b85d8   xdc_runtime_Main_Module__loggerFxn2__C
c30b85dc   xdc_runtime_Main_Module__loggerFxn4__C
c30b85e0   xdc_runtime_Main_Module__loggerFxn8__C
c30b85e4   xdc_runtime_Main_Module__loggerObj__C
c30b85e8   xdc_runtime_Memory_defaultHeapInstance__C
c30b85ec   xdc_runtime_Registry_Module__diagsEnabled__C
c30b85f0   xdc_runtime_Registry_Module__diagsIncluded__C
c30b85f4   xdc_runtime_Registry_Module__diagsMask__C
c30b85f8   xdc_runtime_Registry_Module__loggerFxn1__C
c30b85fc   xdc_runtime_Registry_Module__loggerObj__C
c30b8600   xdc_runtime_Startup_execImpl__C
c30b8604   xdc_runtime_Startup_maxPasses__C
c30b8608   xdc_runtime_Startup_lastFxns__A
c30b860c   xdc_runtime_Startup_sfxnRts__C
c30b8610   xdc_runtime_Startup_sfxnTab__C
c30b8614   xdc_runtime_Startup_startModsFxn__C
c30b8618   xdc_runtime_System_Module__gateObj__C
c30b861c   xdc_runtime_System_extendFxn__C
c30b8620   xdc_runtime_System_maxAtexitHandlers__C
c30b8624   xdc_runtime_Text_charTab__C
c30b8628   xdc_runtime_Text_nameEmpty__C
c30b862c   xdc_runtime_Text_nameStatic__C
c30b8630   xdc_runtime_Text_nameUnknown__C
c30b8634   xdc_runtime_Text_nodeTab__C
c30b8638   xdc_runtime_Text_visitRopeFxn__C
c30b863c   xdc_runtime_knl_ISync_Interface__BASE__C
c30b8640   ti_sdo_ipc_Ipc_sr0MemorySetup__C
c30b8642   ti_sdo_ipc_ListMP_Module__id__C
c30b8644   ti_sdo_ipc_MessageQ_Module__id__C
c30b8646   ti_sdo_ipc_Notify_numLines__C
c30b8648   ti_sdo_ipc_SharedRegion_numEntries__C
c30b864a   ti_sdo_ipc_SharedRegion_translate__C
c30b864c   ti_sdo_ipc_family_da830_NotifySetup_useSecondLine__C
c30b864e   ti_sdo_ipc_gates_GatePeterson_Module__id__C
c30b8650   ti_sdo_ipc_heaps_HeapMemMP_Module__id__C
c30b8652   ti_sdo_ipc_nsremote_NameServerRemoteNotify_Module__id__C
c30b8654   ti_sdo_ipc_transports_TransportShm_Module__id__C
c30b8656   ti_sdo_ipc_transports_TransportShm_notifyEventId__C
c30b8658   ti_sdo_utils_MultiProc_numProcessors__C
c30b865a   ti_sdo_utils_MultiProc_numProcsInCluster__C
c30b865c   ti_sdo_utils_NameServer_Module__id__C
c30b865e   ti_sdo_utils_NameServer_singleProcessor__C
c30b8660   ti_sysbios_family_c64p_Exception_Module__id__C
c30b8662   ti_sysbios_family_c64p_Exception_enableExternalMPC__C
c30b8664   ti_sysbios_family_c64p_Exception_enablePrint__C
c30b8666   ti_sysbios_family_c64p_Exception_useInternalBuffer__C
c30b8668   ti_sysbios_family_c64p_Hwi_Module__id__C
c30b866a   ti_sysbios_hal_Hwi_Module__id__C
c30b866c   ti_sysbios_heaps_HeapMem_Module__id__C
c30b866e   ti_sysbios_knl_Task_Module__id__C
c30b8670   ti_sysbios_knl_Task_deleteTerminatedTasks__C
c30b8672   ti_sysbios_knl_Task_initStackFlag__C
c30b8674   ti_sysbios_timers_timer64_Timer_Module__id__C
c30b8676   ti_sysbios_timers_timer64_Timer_startupNeeded__C
c30b8678   xdc_runtime_Core_Module__id__C
c30b867a   xdc_runtime_Error_Module__loggerDefined__C
c30b867c   xdc_runtime_Error_maxDepth__C
c30b867e   xdc_runtime_Main_Module__id__C
c30b8680   xdc_runtime_Main_Module__loggerDefined__C
c30b8682   xdc_runtime_Memory_Module__id__C
c30b8684   xdc_runtime_Registry_Module__id__C
c30b8686   xdc_runtime_Registry_Module__loggerDefined__C
c30b8688   xdc_runtime_Text_charCnt__C
c30b868a   xdc_runtime_Text_isLoaded__C
c30b868c   xdc_runtime_Text_registryModsLastId__C
c30b868e   xdc_runtime_Text_unnamedModsLastId__C
c30b8690   _stack
c30b9690   __CIOBUF_
c30b9690   __TI_STACK_END
c30b9800   ti_sysbios_family_c64p_Hwi0
c30b9800   ti_sysbios_family_c64p_Hwi_int0
c30b9820   ti_sysbios_family_c64p_Hwi_int1
c30b9840   ti_sysbios_family_c64p_Hwi_int2
c30b9860   ti_sysbios_family_c64p_Hwi_int3
c30b9880   ti_sysbios_family_c64p_Hwi_int4
c30b98a0   ti_sysbios_family_c64p_Hwi_int5
c30b98c0   ti_sysbios_family_c64p_Hwi_int6
c30b98e0   ti_sysbios_family_c64p_Hwi_int7
c30b9900   ti_sysbios_family_c64p_Hwi_int8
c30b9920   ti_sysbios_family_c64p_Hwi_int9
c30b9940   ti_sysbios_family_c64p_Hwi_int10
c30b9960   ti_sysbios_family_c64p_Hwi_int11
c30b9980   ti_sysbios_family_c64p_Hwi_int12
c30b99a0   ti_sysbios_family_c64p_Hwi_int13
c30b99c0   ti_sysbios_family_c64p_Hwi_int14
c30b99e0   ti_sysbios_family_c64p_Hwi_int15
c30b9a9c   __c_args__
c30b9b00   __TI_STATIC_BASE
c30b9b00   gFrameQ_nsHandle
c30b9b04   gFrameQBufMgr_nsHandle
c30b9b08   Syslink_terminateEventId
c30b9b0c   Syslink_terminateEventLineId
c30b9b10   CLIENTNOTIFYMGR_NAMESERVERNAME
c30b9b14   ClientNotifyMgr_module
c30b9b18   upp_interrupt_count
c30b9b1c   upp_error_count
c30b9b20   frameNumber
c30b9b24   algorism_number
c30b9b28   FrameQ_module
c30b9b2c   FrameQBufMgr_module
c30b9b30   FrameQBufMgr_ShMem_module
c30b9b34   FrameQ_ShMem_module
c30b9b38   RingIO_module
c30b9b3c   RingIOShm_module
c30b9b40   curTrace
c30b9c00   _Ipc_ResetVector
c30b9c08   Ipc_sr0MemorySetup
ffffffff   __TI_pprof_out_hndl
ffffffff   __TI_prof_data_size
ffffffff   __TI_prof_data_start
ffffffff   __binit__
ffffffff   binit
UNDEFED    __TI_CINIT_Base
UNDEFED    __TI_CINIT_Limit
UNDEFED    __TI_Handler_Table_Base
UNDEFED    __TI_Handler_Table_Limit
UNDEFED    __TI_INITARRAY_Base
UNDEFED    __TI_INITARRAY_Limit

[1613 symbols]


DYNAMIC SYMBOLS: SORTED ALPHABETICALLY BY Name 

address    name
--------   ----
UNDEFED    
c307f438   TSK_idle
c30b9c00   _Ipc_ResetVector
c30b9690   __TI_STACK_END
00001000   __TI_STACK_SIZE
c30b9b00   __TI_STATIC_BASE
ffffffff   __TI_pprof_out_hndl
ffffffff   __TI_prof_data_size
ffffffff   __TI_prof_data_start
ffffffff   __binit__
c30b9a9c   __c_args__
00000064   _argsize
ffffffff   binit
00000001   xdc_runtime_Startup__EXECFXN__C
00000001   xdc_runtime_Startup__RESETFXN__C

[15 symbols]


IMPORTED and EXPORTED SYMBOLS: SORTED ALPHABETICALLY BY Name 

IMPORTED SYMBOLS

name                           size      Imported from
-----------------------------  --------  -------------

[0 symbols]


EXPORTED SYMBOLS

address    name
--------   ----
c30b9c00   _Ipc_ResetVector
